Component: ARM Compiler 5.06 update 7 (build 960) Tool: armlink [4d3601]

==============================================================================

Section Cross References

    startup_stm32f407xx.o(RESET) refers to startup_stm32f407xx.o(STACK) for __initial_sp
    startup_stm32f407xx.o(RESET) refers to startup_stm32f407xx.o(.text) for Reset_Handler
    startup_stm32f407xx.o(RESET) refers to stm32f4xx_it.o(i.NMI_Handler) for NMI_Handler
    startup_stm32f407xx.o(RESET) refers to stm32f4xx_it.o(i.HardFault_Handler) for HardFault_Handler
    startup_stm32f407xx.o(RESET) refers to stm32f4xx_it.o(i.MemManage_Handler) for MemManage_Handler
    startup_stm32f407xx.o(RESET) refers to stm32f4xx_it.o(i.BusFault_Handler) for BusFault_Handler
    startup_stm32f407xx.o(RESET) refers to stm32f4xx_it.o(i.UsageFault_Handler) for UsageFault_Handler
    startup_stm32f407xx.o(RESET) refers to stm32f4xx_it.o(i.SVC_Handler) for SVC_Handler
    startup_stm32f407xx.o(RESET) refers to stm32f4xx_it.o(i.DebugMon_Handler) for DebugMon_Handler
    startup_stm32f407xx.o(RESET) refers to stm32f4xx_it.o(i.PendSV_Handler) for PendSV_Handler
    startup_stm32f407xx.o(RESET) refers to stm32f4xx_it.o(i.SysTick_Handler) for SysTick_Handler
    startup_stm32f407xx.o(RESET) refers to stm32f4xx_it.o(i.DMA1_Stream5_IRQHandler) for DMA1_Stream5_IRQHandler
    startup_stm32f407xx.o(RESET) refers to stm32f4xx_it.o(i.ADC_IRQHandler) for ADC_IRQHandler
    startup_stm32f407xx.o(RESET) refers to stm32f4xx_it.o(i.EXTI9_5_IRQHandler) for EXTI9_5_IRQHandler
    startup_stm32f407xx.o(RESET) refers to stm32f4xx_it.o(i.TIM3_IRQHandler) for TIM3_IRQHandler
    startup_stm32f407xx.o(RESET) refers to stm32f4xx_it.o(i.USART2_IRQHandler) for USART2_IRQHandler
    startup_stm32f407xx.o(RESET) refers to stm32f4xx_it.o(i.EXTI15_10_IRQHandler) for EXTI15_10_IRQHandler
    startup_stm32f407xx.o(RESET) refers to stm32f4xx_it.o(i.DMA2_Stream0_IRQHandler) for DMA2_Stream0_IRQHandler
    startup_stm32f407xx.o(.text) refers to system_stm32f4xx.o(i.SystemInit) for SystemInit
    startup_stm32f407xx.o(.text) refers to entry.o(.ARM.Collect$$$$00000000) for __main
    main.o(i.SystemClock_Config) refers to memseta.o(.text) for __aeabi_memclr4
    main.o(i.SystemClock_Config) refers to stm32f4xx_hal_rcc.o(i.HAL_RCC_OscConfig) for HAL_RCC_OscConfig
    main.o(i.SystemClock_Config) refers to main.o(i.Error_Handler) for Error_Handler
    main.o(i.SystemClock_Config) refers to stm32f4xx_hal_rcc.o(i.HAL_RCC_ClockConfig) for HAL_RCC_ClockConfig
    main.o(i.identifyWaveType) refers to fft.o(.bss) for ADCbuff
    main.o(i.identifyWaveType) refers to fft.o(.data) for biasVoltage
    main.o(i.main) refers to stm32f4xx_hal.o(i.HAL_Init) for HAL_Init
    main.o(i.main) refers to delay.o(i.delay_init) for delay_init
    main.o(i.main) refers to main.o(i.SystemClock_Config) for SystemClock_Config
    main.o(i.main) refers to gpio.o(i.MX_GPIO_Init) for MX_GPIO_Init
    main.o(i.main) refers to dma.o(i.MX_DMA_Init) for MX_DMA_Init
    main.o(i.main) refers to spi.o(i.MX_SPI2_Init) for MX_SPI2_Init
    main.o(i.main) refers to dac.o(i.MX_DAC_Init) for MX_DAC_Init
    main.o(i.main) refers to tim.o(i.MX_TIM8_Init) for MX_TIM8_Init
    main.o(i.main) refers to usart.o(i.MX_USART2_UART_Init) for MX_USART2_UART_Init
    main.o(i.main) refers to adc.o(i.MX_ADC1_Init) for MX_ADC1_Init
    main.o(i.main) refers to tim.o(i.MX_TIM3_Init) for MX_TIM3_Init
    main.o(i.main) refers to lcdapi.o(i.LCD_Init) for LCD_Init
    main.o(i.main) refers to dds.o(i.DDS_Start) for DDS_Start
    main.o(i.main) refers to printfb.o(i.__0printf$bare) for __2printf
    main.o(i.main) refers to lcdapi.o(i.LCD_Disp_Text) for LCD_Disp_Text
    main.o(i.main) refers to stm32f4xx_hal_tim.o(i.HAL_TIM_Base_Start) for HAL_TIM_Base_Start
    main.o(i.main) refers to stm32f4xx_hal_adc.o(i.HAL_ADC_Start_DMA) for HAL_ADC_Start_DMA
    main.o(i.main) refers to fft.o(i.FFT_start) for FFT_start
    main.o(i.main) refers to main.o(i.identifyWaveType) for identifyWaveType
    main.o(i.main) refers to fft.o(i.FFT_getValue) for FFT_getValue
    main.o(i.main) refers to lcdapi.o(i.LCD_FillScreen) for LCD_FillScreen
    main.o(i.main) refers to f2d.o(.text) for __aeabi_f2d
    main.o(i.main) refers to dmul.o(.text) for __aeabi_dmul
    main.o(i.main) refers to lcdapi.o(i.LCD_Disp_Decimal) for LCD_Disp_Decimal
    main.o(i.main) refers to lcdapi.o(i.LCD_Draw_Char) for LCD_Draw_Char
    main.o(i.main) refers to dds.o(.bss) for DDS
    main.o(i.main) refers to tim.o(.bss) for htim3
    main.o(i.main) refers to fft.o(.bss) for ADCbuff
    main.o(i.main) refers to adc.o(.bss) for hadc1
    main.o(i.main) refers to main.o(.data) for ADCready
    main.o(i.main) refers to fft.o(.data) for Vopp
    gpio.o(i.MX_GPIO_Init) refers to memseta.o(.text) for __aeabi_memclr4
    gpio.o(i.MX_GPIO_Init) refers to stm32f4xx_hal_gpio.o(i.HAL_GPIO_WritePin) for HAL_GPIO_WritePin
[...]
    i.HAL_DAC_Stop_DMA                       0x08002844   Section        0  stm32f4xx_hal_dac.o(i.HAL_DAC_Stop_DMA)
    i.HAL_DMA_Abort                          0x080028a6   Section        0  stm32f4xx_hal_dma.o(i.HAL_DMA_Abort)
    i.HAL_DMA_Abort_IT                       0x08002952   Section        0  stm32f4xx_hal_dma.o(i.HAL_DMA_Abort_IT)
    i.HAL_DMA_IRQHandler                     0x0800297c   Section        0  stm32f4xx_hal_dma.o(i.HAL_DMA_IRQHandler)
    i.HAL_DMA_Init                           0x08002bbc   Section        0  stm32f4xx_hal_dma.o(i.HAL_DMA_Init)
    i.HAL_DMA_Start_IT                       0x08002ca8   Section        0  stm32f4xx_hal_dma.o(i.HAL_DMA_Start_IT)
    i.HAL_Delay                              0x08002d3a   Section        0  delay.o(i.HAL_Delay)
    i.HAL_GPIO_EXTI_Callback                 0x08002d48   Section        0  stm32f4xx_it.o(i.HAL_GPIO_EXTI_Callback)
    i.HAL_GPIO_EXTI_IRQHandler               0x08002f4c   Section        0  stm32f4xx_hal_gpio.o(i.HAL_GPIO_EXTI_IRQHandler)
    i.HAL_GPIO_Init                          0x08002f68   Section        0  stm32f4xx_hal_gpio.o(i.HAL_GPIO_Init)
    i.HAL_GPIO_WritePin                      0x0800315c   Section        0  stm32f4xx_hal_gpio.o(i.HAL_GPIO_WritePin)
    i.HAL_GetTick                            0x08003168   Section        0  stm32f4xx_hal.o(i.HAL_GetTick)
    i.HAL_IncTick                            0x08003174   Section        0  stm32f4xx_hal.o(i.HAL_IncTick)
    i.HAL_Init                               0x0800318c   Section        0  stm32f4xx_hal.o(i.HAL_Init)
    i.HAL_InitTick                           0x080031c8   Section        0  stm32f4xx_hal.o(i.HAL_InitTick)
    i.HAL_MspInit                            0x08003214   Section        0  stm32f4xx_hal_msp.o(i.HAL_MspInit)
    i.HAL_NVIC_EnableIRQ                     0x0800325c   Section        0  stm32f4xx_hal_cortex.o(i.HAL_NVIC_EnableIRQ)
    i.HAL_NVIC_SetPriority                   0x08003284   Section        0  stm32f4xx_hal_cortex.o(i.HAL_NVIC_SetPriority)
    i.HAL_NVIC_SetPriorityGrouping           0x08003300   Section        0  stm32f4xx_hal_cortex.o(i.HAL_NVIC_SetPriorityGrouping)
    i.HAL_RCC_ClockConfig                    0x08003328   Section        0  stm32f4xx_hal_rcc.o(i.HAL_RCC_ClockConfig)
    i.HAL_RCC_GetHCLKFreq                    0x080034ac   Section        0  stm32f4xx_hal_rcc.o(i.HAL_RCC_GetHCLKFreq)
    i.HAL_RCC_GetPCLK1Freq                   0x080034b8   Section        0  stm32f4xx_hal_rcc.o(i.HAL_RCC_GetPCLK1Freq)
    i.HAL_RCC_GetPCLK2Freq                   0x080034d8   Section        0  stm32f4xx_hal_rcc.o(i.HAL_RCC_GetPCLK2Freq)
    i.HAL_RCC_GetSysClockFreq                0x080034f8   Section        0  stm32f4xx_hal_rcc.o(i.HAL_RCC_GetSysClockFreq)
    i.HAL_RCC_OscConfig                      0x080035a8   Section        0  stm32f4xx_hal_rcc.o(i.HAL_RCC_OscConfig)
    i.HAL_SPI_Init                           0x08003a44   Section        0  stm32f4xx_hal_spi.o(i.HAL_SPI_Init)
    i.HAL_SPI_MspInit                        0x08003b0c   Section        0  spi.o(i.HAL_SPI_MspInit)
    i.HAL_SPI_Transmit                       0x08003b94   Section        0  stm32f4xx_hal_spi.o(i.HAL_SPI_Transmit)
    i.HAL_SYSTICK_Config                     0x08003d52   Section        0  stm32f4xx_hal_cortex.o(i.HAL_SYSTICK_Config)
    i.HAL_TIMEx_BreakCallback                0x08003d86   Section        0  stm32f4xx_hal_tim_ex.o(i.HAL_TIMEx_BreakCallback)
    i.HAL_TIMEx_CommutCallback               0x08003d88   Section        0  stm32f4xx_hal_tim_ex.o(i.HAL_TIMEx_CommutCallback)
    i.HAL_TIMEx_MasterConfigSynchronization  0x08003d8c   Section        0  stm32f4xx_hal_tim_ex.o(i.HAL_TIMEx_MasterConfigSynchronization)
    i.HAL_TIM_Base_Init                      0x08003e40   Section        0  stm32f4xx_hal_tim.o(i.HAL_TIM_Base_Init)
    i.HAL_TIM_Base_MspInit                   0x08003ea8   Section        0  tim.o(i.HAL_TIM_Base_MspInit)
    i.HAL_TIM_Base_Start                     0x08003f20   Section        0  stm32f4xx_hal_tim.o(i.HAL_TIM_Base_Start)
    i.HAL_TIM_Base_Stop                      0x08003fbc   Section        0  stm32f4xx_hal_tim.o(i.HAL_TIM_Base_Stop)
    i.HAL_TIM_ConfigClockSource              0x08003fee   Section        0  stm32f4xx_hal_tim.o(i.HAL_TIM_ConfigClockSource)
    i.HAL_TIM_IC_CaptureCallback             0x080040fa   Section        0  stm32f4xx_hal_tim.o(i.HAL_TIM_IC_CaptureCallback)
    i.HAL_TIM_IRQHandler                     0x080040fc   Section        0  stm32f4xx_hal_tim.o(i.HAL_TIM_IRQHandler)
    i.HAL_TIM_OC_DelayElapsedCallback        0x08004268   Section        0  stm32f4xx_hal_tim.o(i.HAL_TIM_OC_DelayElapsedCallback)
    i.HAL_TIM_PWM_PulseFinishedCallback      0x0800426a   Section        0  stm32f4xx_hal_tim.o(i.HAL_TIM_PWM_PulseFinishedCallback)
    i.HAL_TIM_PeriodElapsedCallback          0x0800426c   Section        0  stm32f4xx_hal_tim.o(i.HAL_TIM_PeriodElapsedCallback)
    i.HAL_TIM_TriggerCallback                0x0800426e   Section        0  stm32f4xx_hal_tim.o(i.HAL_TIM_TriggerCallback)
    i.HAL_UARTEx_RxEventCallback             0x08004270   Section        0  stm32f4xx_hal_uart.o(i.HAL_UARTEx_RxEventCallback)
    i.HAL_UART_ErrorCallback                 0x08004272   Section        0  stm32f4xx_hal_uart.o(i.HAL_UART_ErrorCallback)
    i.HAL_UART_IRQHandler                    0x08004274   Section        0  stm32f4xx_hal_uart.o(i.HAL_UART_IRQHandler)
    i.HAL_UART_Init                          0x0800455c   Section        0  stm32f4xx_hal_uart.o(i.HAL_UART_Init)
    i.HAL_UART_MspInit                       0x080045d4   Section        0  usart.o(i.HAL_UART_MspInit)
    i.HAL_UART_RxCpltCallback                0x0800466c   Section        0  stm32f4xx_hal_uart.o(i.HAL_UART_RxCpltCallback)
    i.HAL_UART_Transmit                      0x0800466e   Section        0  stm32f4xx_hal_uart.o(i.HAL_UART_Transmit)
    i.HAL_UART_TxCpltCallback                0x0800472c   Section        0  stm32f4xx_hal_uart.o(i.HAL_UART_TxCpltCallback)
    i.HardFault_Handler                      0x0800472e   Section        0  stm32f4xx_it.o(i.HardFault_Handler)
    i.ILI9341_Draw_Pixel                     0x08004732   Section        0  ili9341.o(i.ILI9341_Draw_Pixel)
    i.ILI9341_Draw_Rectangle                 0x0800475c   Section        0  ili9341.o(i.ILI9341_Draw_Rectangle)
    i.ILI9341_FillScreen                     0x080047c4   Section        0  ili9341.o(i.ILI9341_FillScreen)
    i.ILI9341_Init                           0x080047e4   Section        0  ili9341.o(i.ILI9341_Init)
    i.ILI9341_Reset                          0x080049f8   Section        0  ili9341.o(i.ILI9341_Reset)
    i.ILI9341_SPI_Transmit                   0x08004a30   Section        0  ili9341.o(i.ILI9341_SPI_Transmit)
    i.ILI9341_Set_Address                    0x08004a44   Section        0  ili9341.o(i.ILI9341_Set_Address)
    i.ILI9341_Write_Command                  0x08004a80   Section        0  ili9341.o(i.ILI9341_Write_Command)
    i.ILI9341_Write_Data                     0x08004ab4   Section        0  ili9341.o(i.ILI9341_Write_Data)
    i.ILI9341_Write_Data16                   0x08004ae8   Section        0  ili9341.o(i.ILI9341_Write_Data16)
    i.ILI9341_Write_Data16Burst              0x08004b34   Section        0  ili9341.o(i.ILI9341_Write_Data16Burst)
    i.LCD_Disp_Decimal                       0x08004be4   Section        0  lcdapi.o(i.LCD_Disp_Decimal)
    i.LCD_Disp_NumLow                        0x08004cb8   Section        0  lcdapi.o(i.LCD_Disp_NumLow)
    i.LCD_Disp_Text                          0x08004d18   Section        0  lcdapi.o(i.LCD_Disp_Text)
    i.LCD_Draw_Char                          0x08004d58   Section        0  lcdapi.o(i.LCD_Draw_Char)
    i.LCD_FUNC_Power                         0x08004e7c   Section        0  lcdapi.o(i.LCD_FUNC_Power)
    i.LCD_FillScreen                         0x08004e92   Section        0  lcdapi.o(i.LCD_FillScreen)
    i.LCD_Init                               0x08004e9e   Section        0  lcdapi.o(i.LCD_Init)
    i.MX_ADC1_Init                           0x08004eb0   Section        0  adc.o(i.MX_ADC1_Init)
    i.MX_DAC_Init                            0x08004f20   Section        0  dac.o(i.MX_DAC_Init)
    i.MX_DMA_Init                            0x08004f5c   Section        0  dma.o(i.MX_DMA_Init)
    i.MX_GPIO_Init                           0x08004fc4   Section        0  gpio.o(i.MX_GPIO_Init)
    i.MX_SPI2_Init                           0x08005140   Section        0  spi.o(i.MX_SPI2_Init)
    i.MX_TIM3_Init                           0x08005184   Section        0  tim.o(i.MX_TIM3_Init)
    i.MX_TIM8_Init                           0x080051f4   Section        0  tim.o(i.MX_TIM8_Init)
    i.MX_USART2_UART_Init                    0x08005264   Section        0  usart.o(i.MX_USART2_UART_Init)
    i.MemManage_Handler                      0x0800529c   Section        0  stm32f4xx_it.o(i.MemManage_Handler)
    i.NMI_Handler                            0x080052a0   Section        0  stm32f4xx_it.o(i.NMI_Handler)
    i.PendSV_Handler                         0x080052a4   Section        0  stm32f4xx_it.o(i.PendSV_Handler)
    i.SPI_EndRxTxTransaction                 0x080052a8   Section        0  stm32f4xx_hal_spi.o(i.SPI_EndRxTxTransaction)
    SPI_EndRxTxTransaction                   0x080052a9   Thumb Code   128  stm32f4xx_hal_spi.o(i.SPI_EndRxTxTransaction)
    i.SPI_WaitFlagStateUntilTimeout          0x08005330   Section        0  stm32f4xx_hal_spi.o(i.SPI_WaitFlagStateUntilTimeout)
    SPI_WaitFlagStateUntilTimeout            0x08005331   Thumb Code   210  stm32f4xx_hal_spi.o(i.SPI_WaitFlagStateUntilTimeout)
    i.SVC_Handler                            0x08005408   Section        0  stm32f4xx_it.o(i.SVC_Handler)
    i.SysTick_Handler                        0x0800540a   Section        0  stm32f4xx_it.o(i.SysTick_Handler)
    i.SystemClock_Config                     0x08005414   Section        0  main.o(i.SystemClock_Config)
    i.SystemInit                             0x080054c8   Section        0  system_stm32f4xx.o(i.SystemInit)
    i.TIM3_IRQHandler                        0x080054dc   Section        0  stm32f4xx_it.o(i.TIM3_IRQHandler)
    i.TIM_Base_SetConfig                     0x080054ec   Section        0  stm32f4xx_hal_tim.o(i.TIM_Base_SetConfig)
    i.TIM_ETR_SetConfig                      0x080055d4   Section        0  stm32f4xx_hal_tim.o(i.TIM_ETR_SetConfig)
    i.TIM_ITRx_SetConfig                     0x080055ea   Section        0  stm32f4xx_hal_tim.o(i.TIM_ITRx_SetConfig)
    TIM_ITRx_SetConfig                       0x080055eb   Thumb Code    18  stm32f4xx_hal_tim.o(i.TIM_ITRx_SetConfig)
    i.TIM_TI1_ConfigInputStage               0x080055fc   Section        0  stm32f4xx_hal_tim.o(i.TIM_TI1_ConfigInputStage)
    TIM_TI1_ConfigInputStage                 0x080055fd   Thumb Code    38  stm32f4xx_hal_tim.o(i.TIM_TI1_ConfigInputStage)
    i.TIM_TI2_ConfigInputStage               0x08005622   Section        0  stm32f4xx_hal_tim.o(i.TIM_TI2_ConfigInputStage)
    TIM_TI2_ConfigInputStage                 0x08005623   Thumb Code    40  stm32f4xx_hal_tim.o(i.TIM_TI2_ConfigInputStage)
    i.UART_DMAAbortOnError                   0x0800564a   Section        0  stm32f4xx_hal_uart.o(i.UART_DMAAbortOnError)
    UART_DMAAbortOnError                     0x0800564b   Thumb Code    20  stm32f4xx_hal_uart.o(i.UART_DMAAbortOnError)
    i.UART_EndRxTransfer                     0x0800565e   Section        0  stm32f4xx_hal_uart.o(i.UART_EndRxTransfer)
    UART_EndRxTransfer                       0x0800565f   Thumb Code   108  stm32f4xx_hal_uart.o(i.UART_EndRxTransfer)
    i.UART_EndTransmit_IT                    0x080056ca   Section        0  stm32f4xx_hal_uart.o(i.UART_EndTransmit_IT)
    UART_EndTransmit_IT                      0x080056cb   Thumb Code    32  stm32f4xx_hal_uart.o(i.UART_EndTransmit_IT)
    i.UART_Receive_IT                        0x080056ea   Section        0  stm32f4xx_hal_uart.o(i.UART_Receive_IT)
    UART_Receive_IT                          0x080056eb   Thumb Code   252  stm32f4xx_hal_uart.o(i.UART_Receive_IT)
    i.UART_SetConfig                         0x080057e8   Section        0  stm32f4xx_hal_uart.o(i.UART_SetConfig)
    UART_SetConfig                           0x080057e9   Thumb Code   546  stm32f4xx_hal_uart.o(i.UART_SetConfig)
    i.UART_Transmit_IT                       0x08005a14   Section        0  stm32f4xx_hal_uart.o(i.UART_Transmit_IT)
    UART_Transmit_IT                         0x08005a15   Thumb Code    96  stm32f4xx_hal_uart.o(i.UART_Transmit_IT)
    i.UART_WaitOnFlagUntilTimeout            0x08005a74   Section        0  stm32f4xx_hal_uart.o(i.UART_WaitOnFlagUntilTimeout)
    UART_WaitOnFlagUntilTimeout              0x08005a75   Thumb Code   140  stm32f4xx_hal_uart.o(i.UART_WaitOnFlagUntilTimeout)
    i.USART2_IRQHandler                      0x08005b00   Section        0  stm32f4xx_it.o(i.USART2_IRQHandler)
    i.UsageFault_Handler                     0x08005b10   Section        0  stm32f4xx_it.o(i.UsageFault_Handler)
    i.__0printf$bare                         0x08005b14   Section        0  printfb.o(i.__0printf$bare)
    i.__ARM_fpclassify                       0x08005b24   Section        0  fpclassify.o(i.__ARM_fpclassify)
    i.__ARM_fpclassifyf                      0x08005b54   Section        0  fpclassifyf.o(i.__ARM_fpclassifyf)
    i.__NVIC_GetPriorityGrouping             0x08005b7c   Section        0  stm32f4xx_hal_cortex.o(i.__NVIC_GetPriorityGrouping)
    __NVIC_GetPriorityGrouping               0x08005b7d   Thumb Code    10  stm32f4xx_hal_cortex.o(i.__NVIC_GetPriorityGrouping)
    i.__NVIC_SetPriority                     0x08005b8c   Section        0  stm32f4xx_hal_cortex.o(i.__NVIC_SetPriority)
    __NVIC_SetPriority                       0x08005b8d   Thumb Code    32  stm32f4xx_hal_cortex.o(i.__NVIC_SetPriority)
    i.__hardfp_cos                           0x08005bb8   Section        0  cos.o(i.__hardfp_cos)
    i.__hardfp_sinf                          0x08005c80   Section        0  sinf.o(i.__hardfp_sinf)
    i.__hardfp_sqrtf                         0x08005e10   Section        0  sqrtf.o(i.__hardfp_sqrtf)
    i.__ieee754_rem_pio2                     0x08005e50   Section        0  rred.o(i.__ieee754_rem_pio2)
    i.__kernel_cos                           0x08006288   Section        0  cos_i.o(i.__kernel_cos)
    i.__kernel_poly                          0x080063f8   Section        0  poly.o(i.__kernel_poly)
    i.__kernel_sin                           0x080064f0   Section        0  sin_i.o(i.__kernel_sin)
    i.__mathlib_dbl_infnan                   0x08006620   Section        0  dunder.o(i.__mathlib_dbl_infnan)
    i.__mathlib_dbl_invalid                  0x08006638   Section        0  dunder.o(i.__mathlib_dbl_invalid)
    i.__mathlib_dbl_underflow                0x08006658   Section        0  dunder.o(i.__mathlib_dbl_underflow)
    i.__mathlib_flt_infnan                   0x08006678   Section        0  funder.o(i.__mathlib_flt_infnan)
    i.__mathlib_flt_invalid                  0x08006680   Section        0  funder.o(i.__mathlib_flt_invalid)
    i.__mathlib_flt_underflow                0x08006690   Section        0  funder.o(i.__mathlib_flt_underflow)
    i.__mathlib_rredf2                       0x080066a0   Section        0  rredf.o(i.__mathlib_rredf2)
    i.__scatterload_copy                     0x080067f4   Section       14  handlers.o(i.__scatterload_copy)
    i.__scatterload_null                     0x08006802   Section        2  handlers.o(i.__scatterload_null)
    i.__scatterload_zeroinit                 0x08006804   Section       14  handlers.o(i.__scatterload_zeroinit)
    i.__set_errno                            0x08006814   Section        0  errno.o(i.__set_errno)
    i._printf_core                           0x08006820   Section        0  printfb.o(i._printf_core)
    _printf_core                             0x08006821   Thumb Code    34  printfb.o(i._printf_core)
    i.delay_init                             0x08006844   Section        0  delay.o(i.delay_init)
    i.delay_ms                               0x08006850   Section        0  delay.o(i.delay_ms)
    i.delay_us                               0x08006864   Section        0  delay.o(i.delay_us)
    i.fabs                                   0x080068ac   Section        0  fabs.o(i.fabs)
    i.fputc                                  0x080068c4   Section        0  usart.o(i.fputc)
    i.free                                   0x080068e0   Section        0  malloc.o(i.free)
    i.getNewWaveLUT                          0x08006930   Section        0  dds.o(i.getNewWaveLUT)
    i.identifyWaveType                       0x08006b18   Section        0  main.o(i.identifyWaveType)
    i.main                                   0x08006d14   Section        0  main.o(i.main)
    i.malloc                                 0x08007310   Section        0  malloc.o(i.malloc)
    i.setOffset                              0x0800737c   Section        0  dds.o(i.setOffset)
    .constdata                               0x080073c0   Section        8  stm32f4xx_hal_dma.o(.constdata)
    flagBitshiftOffset                       0x080073c0   Data           8  stm32f4xx_hal_dma.o(.constdata)
    .constdata                               0x080073c8   Section       24  system_stm32f4xx.o(.constdata)
    .constdata                               0x080073e0   Section     3178  lcdapi.o(.constdata)
    font_charWidth                           0x080073e0   Data           5  lcdapi.o(.constdata)
    font_charHeight                          0x080073e5   Data           5  lcdapi.o(.constdata)
    font_ASCII5x5                            0x080073ea   Data         480  lcdapi.o(.constdata)
    font_GRAZIA                              0x080075ca   Data         480  lcdapi.o(.constdata)
    font_ASCII5x7                            0x080077aa   Data         672  lcdapi.o(.constdata)
    font_ASCII16                             0x08007a4a   Data        1536  lcdapi.o(.constdata)
    .constdata                               0x08008050   Section       48  cos_i.o(.constdata)
    C                                        0x08008050   Data          48  cos_i.o(.constdata)
    .constdata                               0x08008080   Section      200  rred.o(.constdata)
    pio2s                                    0x08008080   Data          48  rred.o(.constdata)
    twooverpi                                0x080080b0   Data         152  rred.o(.constdata)
    .constdata                               0x08008148   Section       32  rredf.o(.constdata)
    twooverpi                                0x08008148   Data          32  rredf.o(.constdata)
    .constdata                               0x08008168   Section       40  sin_i.o(.constdata)
    S                                        0x08008168   Data          40  sin_i.o(.constdata)
    .data                                    0x20000000   Section        3  main.o(.data)
    .data                                    0x20000004   Section        4  stm32f4xx_it.o(.data)
    last_interrupt_time                      0x20000004   Data           4  stm32f4xx_it.o(.data)
    .data                                    0x20000008   Section        9  stm32f4xx_hal.o(.data)
    .data                                    0x20000014   Section        4  system_stm32f4xx.o(.data)
    .data                                    0x20000018   Section       20  fft.o(.data)
    .data                                    0x2000002c   Section        4  delay.o(.data)
    g_fac_us                                 0x2000002c   Data           4  delay.o(.data)
    .data                                    0x20000030   Section        4  stdout.o(.data)
    .data                                    0x20000034   Section        4  mvars.o(.data)
    .data                                    0x20000038   Section        4  mvars.o(.data)
    .data                                    0x2000003c   Section        4  errno.o(.data)
    _errno                                   0x2000003c   Data           4  errno.o(.data)
    .bss                                     0x20000040   Section      168  adc.o(.bss)
    .bss                                     0x200000e8   Section      116  dac.o(.bss)
    .bss                                     0x2000015c   Section       88  spi.o(.bss)
    .bss                                     0x200001b4   Section      144  tim.o(.bss)
    .bss                                     0x20000244   Section       72  usart.o(.bss)
    .bss                                     0x2000028c   Section      532  dds.o(.bss)
    .bss                                     0x200004a0   Section    90312  fft.o(.bss)
    HEAP                                     0x20016568   Section      512  startup_stm32f407xx.o(HEAP)
    STACK                                    0x20016768   Section     1024  startup_stm32f407xx.o(STACK)

    Global Symbols

    Symbol Name                              Value     Ov Type        Size  Object(Section)

    BuildAttributes$$THM_ISAv4$E$P$D$K$B$S$7EM$VFPi3$EXTD16$VFPS$VFMA$PE$A:L22UL41UL21$X:L11$S22US41US21$IEEE1$IW$USESV6$~STKCKD$USESV7$~SHL$OTIME$ROPI$IEEEX$EBA8$MICROLIB$REQ8$PRES8$EABIv2 0x00000000   Number         0  anon$$obj.o ABSOLUTE
    __ARM_use_no_argv                        0x00000000   Number         0  main.o ABSOLUTE
    __arm_fini_                               - Undefined Weak Reference
    __cpp_initialize__aeabi_                  - Undefined Weak Reference
    __cxa_finalize                            - Undefined Weak Reference
    __decompress                              - Undefined Weak Reference
    _clock_init                               - Undefined Weak Reference
    _microlib_exit                            - Undefined Weak Reference
    __Vectors_Size                           0x00000188   Number         0  startup_stm32f407xx.o ABSOLUTE
    __Vectors                                0x08000000   Data           4  startup_stm32f407xx.o(RESET)
    __Vectors_End                            0x08000188   Data           0  startup_stm32f407xx.o(RESET)
    __main                                   0x08000189   Thumb Code     0  entry.o(.ARM.Collect$$$$00000000)
    _main_stk                                0x08000189   Thumb Code     0  entry2.o(.ARM.Collect$$$$00000001)
    _main_scatterload                        0x0800018d   Thumb Code     0  entry5.o(.ARM.Collect$$$$00000004)
    __main_after_scatterload                 0x08000191   Thumb Code     0  entry5.o(.ARM.Collect$$$$00000004)
    _main_clock                              0x08000191   Thumb Code     0  entry7b.o(.ARM.Collect$$$$00000008)
    _main_cpp_init                           0x08000191   Thumb Code     0  entry8b.o(.ARM.Collect$$$$0000000A)
    _main_init                               0x08000191   Thumb Code     0  entry9a.o(.ARM.Collect$$$$0000000B)
    __rt_lib_shutdown_fini                   0x08000199   Thumb Code     0  entry12b.o(.ARM.Collect$$$$0000000E)
    __rt_final_cpp                           0x0800019d   Thumb Code     0  entry10a.o(.ARM.Collect$$$$0000000F)
    __rt_final_exit                          0x0800019d   Thumb Code     0  entry11a.o(.ARM.Collect$$$$00000011)
    Reset_Handler                            0x080001a1   Thumb Code     8  startup_stm32f407xx.o(.text)
    CAN1_RX0_IRQHandler                      0x080001bb   Thumb Code     0  startup_stm32f407xx.o(.text)
    CAN1_RX1_IRQHandler                      0x080001bb   Thumb Code     0  startup_stm32f407xx.o(.text)
    CAN1_SCE_IRQHandler                      0x080001bb   Thumb Code     0  startup_stm32f407xx.o(.text)
    CAN1_TX_IRQHandler                       0x080001bb   Thumb Code     0  startup_stm32f407xx.o(.text)
    CAN2_RX0_IRQHandler                      0x080001bb   Thumb Code     0  startup_stm32f407xx.o(.text)
    CAN2_RX1_IRQHandler                      0x080001bb   Thumb Code     0  startup_stm32f407xx.o(.text)
    CAN2_SCE_IRQHandler                      0x080001bb   Thumb Code     0  startup_stm32f407xx.o(.text)
    CAN2_TX_IRQHandler                       0x080001bb   Thumb Code     0  startup_stm32f407xx.o(.text)
    DCMI_IRQHandler                          0x080001bb   Thumb Code     0  startup_stm32f407xx.o(.text)
    DMA1_Stream0_IRQHandler                  0x080001bb   Thumb Code     0  startup_stm32f407xx.o(.text)
    DMA1_Stream1_IRQHandler                  0x080001bb   Thumb Code     0  startup_stm32f407xx.o(.text)
    DMA1_Stream2_IRQHandler                  0x080001bb   Thumb Code     0  startup_stm32f407xx.o(.text)
    DMA1_Stream3_IRQHandler                  0x080001bb   Thumb Code     0  startup_stm32f407xx.o(.text)
    DMA1_Stream4_IRQHandler                  0x080001bb   Thumb Code     0  startup_stm32f407xx.o(.text)
    DMA1_Stream6_IRQHandler                  0x080001bb   Thumb Code     0  startup_stm32f407xx.o(.text)
    DMA1_Stream7_IRQHandler                  0x080001bb   Thumb Code     0  startup_stm32f407xx.o(.text)
    DMA2_Stream1_IRQHandler                  0x080001bb   Thumb Code     0  startup_stm32f407xx.o(.text)
    DMA2_Stream2_IRQHandler                  0x080001bb   Thumb Code     0  startup_stm32f407xx.o(.text)
    DMA2_Stream3_IRQHandler                  0x080001bb   Thumb Code     0  startup_stm32f407xx.o(.text)
    DMA2_Stream4_IRQHandler                  0x080001bb   Thumb Code     0  startup_stm32f407xx.o(.text)
    DMA2_Stream5_IRQHandler                  0x080001bb   Thumb Code     0  startup_stm32f407xx.o(.text)
    DMA2_Stream6_IRQHandler                  0x080001bb   Thumb Code     0  startup_stm32f407xx.o(.text)
    DMA2_Stream7_IRQHandler                  0x080001bb   Thumb Code     0  startup_stm32f407xx.o(.text)
    ETH_IRQHandler                           0x080001bb   Thumb Code     0  startup_stm32f407xx.o(.text)
    ETH_WKUP_IRQHandler                      0x080001bb   Thumb Code     0  startup_stm32f407xx.o(.text)
    EXTI0_IRQHandler                         0x080001bb   Thumb Code     0  startup_stm32f407xx.o(.text)
    EXTI1_IRQHandler                         0x080001bb   Thumb Code     0  startup_stm32f407xx.o(.text)
    EXTI2_IRQHandler                         0x080001bb   Thumb Code     0  startup_stm32f407xx.o(.text)
    EXTI3_IRQHandler                         0x080001bb   Thumb Code     0  startup_stm32f407xx.o(.text)
    EXTI4_IRQHandler                         0x080001bb   Thumb Code     0  startup_stm32f407xx.o(.text)
    FLASH_IRQHandler                         0x080001bb   Thumb Code     0  startup_stm32f407xx.o(.text)
    FMC_IRQHandler                           0x080001bb   Thumb Code     0  startup_stm32f407xx.o(.text)
    FPU_IRQHandler                           0x080001bb   Thumb Code     0  startup_stm32f407xx.o(.text)
    HASH_RNG_IRQHandler                      0x080001bb   Thumb Code     0  startup_stm32f407xx.o(.text)
    I2C1_ER_IRQHandler                       0x080001bb   Thumb Code     0  startup_stm32f407xx.o(.text)
    I2C1_EV_IRQHandler                       0x080001bb   Thumb Code     0  startup_stm32f407xx.o(.text)
    I2C2_ER_IRQHandler                       0x080001bb   Thumb Code     0  startup_stm32f407xx.o(.text)
    I2C2_EV_IRQHandler                       0x080001bb   Thumb Code     0  startup_stm32f407xx.o(.text)
    I2C3_ER_IRQHandler                       0x080001bb   Thumb Code     0  startup_stm32f407xx.o(.text)
    I2C3_EV_IRQHandler                       0x080001bb   Thumb Code     0  startup_stm32f407xx.o(.text)
    OTG_FS_IRQHandler                        0x080001bb   Thumb Code     0  startup_stm32f407xx.o(.text)
    OTG_FS_WKUP_IRQHandler                   0x080001bb   Thumb Code     0  startup_stm32f407xx.o(.text)
    OTG_HS_EP1_IN_IRQHandler                 0x080001bb   Thumb Code     0  startup_stm32f407xx.o(.text)
    OTG_HS_EP1_OUT_IRQHandler                0x080001bb   Thumb Code     0  startup_stm32f407xx.o(.text)
    OTG_HS_IRQHandler                        0x080001bb   Thumb Code     0  startup_stm32f407xx.o(.text)
    OTG_HS_WKUP_IRQHandler                   0x080001bb   Thumb Code     0  startup_stm32f407xx.o(.text)
    PVD_IRQHandler                           0x080001bb   Thumb Code     0  startup_stm32f407xx.o(.text)
    RCC_IRQHandler                           0x080001bb   Thumb Code     0  startup_stm32f407xx.o(.text)
    RTC_Alarm_IRQHandler                     0x080001bb   Thumb Code     0  startup_stm32f407xx.o(.text)
    RTC_WKUP_IRQHandler                      0x080001bb   Thumb Code     0  startup_stm32f407xx.o(.text)
    SDIO_IRQHandler                          0x080001bb   Thumb Code     0  startup_stm32f407xx.o(.text)
    SPI1_IRQHandler                          0x080001bb   Thumb Code     0  startup_stm32f407xx.o(.text)
    SPI2_IRQHandler                          0x080001bb   Thumb Code     0  startup_stm32f407xx.o(.text)
    SPI3_IRQHandler                          0x080001bb   Thumb Code     0  startup_stm32f407xx.o(.text)
    TAMP_STAMP_IRQHandler                    0x080001bb   Thumb Code     0  startup_stm32f407xx.o(.text)
    TIM1_BRK_TIM9_IRQHandler                 0x080001bb   Thumb Code     0  startup_stm32f407xx.o(.text)
    TIM1_CC_IRQHandler                       0x080001bb   Thumb Code     0  startup_stm32f407xx.o(.text)
    TIM1_TRG_COM_TIM11_IRQHandler            0x080001bb   Thumb Code     0  startup_stm32f407xx.o(.text)
    TIM1_UP_TIM10_IRQHandler                 0x080001bb   Thumb Code     0  startup_stm32f407xx.o(.text)
    TIM2_IRQHandler                          0x080001bb   Thumb Code     0  startup_stm32f407xx.o(.text)
    TIM4_IRQHandler                          0x080001bb   Thumb Code     0  startup_stm32f407xx.o(.text)
    TIM5_IRQHandler                          0x080001bb   Thumb Code     0  startup_stm32f407xx.o(.text)
    TIM6_DAC_IRQHandler                      0x080001bb   Thumb Code     0  startup_stm32f407xx.o(.text)
    TIM7_IRQHandler                          0x080001bb   Thumb Code     0  startup_stm32f407xx.o(.text)
    TIM8_BRK_TIM12_IRQHandler                0x080001bb   Thumb Code     0  startup_stm32f407xx.o(.text)
    TIM8_CC_IRQHandler                       0x080001bb   Thumb Code     0  startup_stm32f407xx.o(.text)
    TIM8_TRG_COM_TIM14_IRQHandler            0x080001bb   Thumb Code     0  startup_stm32f407xx.o(.text)
    TIM8_UP_TIM13_IRQHandler                 0x080001bb   Thumb Code     0  startup_stm32f407xx.o(.text)
    UART4_IRQHandler                         0x080001bb   Thumb Code     0  startup_stm32f407xx.o(.text)
    UART5_IRQHandler                         0x080001bb   Thumb Code     0  startup_stm32f407xx.o(.text)
    USART1_IRQHandler                        0x080001bb   Thumb Code     0  startup_stm32f407xx.o(.text)
    USART3_IRQHandler                        0x080001bb   Thumb Code     0  startup_stm32f407xx.o(.text)
    USART6_IRQHandler                        0x080001bb   Thumb Code     0  startup_stm32f407xx.o(.text)
    WWDG_IRQHandler                          0x080001bb   Thumb Code     0  startup_stm32f407xx.o(.text)
    __aeabi_uldivmod                         0x080001c5   Thumb Code    98  uldiv.o(.text)
    __aeabi_memset                           0x08000227   Thumb Code    14  memseta.o(.text)
    __aeabi_memset4                          0x08000227   Thumb Code     0  memseta.o(.text)
    __aeabi_memset8                          0x08000227   Thumb Code     0  memseta.o(.text)
    __aeabi_memclr                           0x08000235   Thumb Code     4  memseta.o(.text)
    __aeabi_memclr4                          0x08000235   Thumb Code     0  memseta.o(.text)
    __aeabi_memclr8                          0x08000235   Thumb Code     0  memseta.o(.text)
    _memset$wrapper                          0x08000239   Thumb Code    18  memseta.o(.text)
    __aeabi_dadd                             0x0800024b   Thumb Code   322  dadd.o(.text)
    __aeabi_dsub                             0x0800038d   Thumb Code     6  dadd.o(.text)
    __aeabi_drsub                            0x08000393   Thumb Code     6  dadd.o(.text)
    __aeabi_dmul                             0x08000399   Thumb Code   228  dmul.o(.text)
    __aeabi_ddiv                             0x0800047d   Thumb Code   222  ddiv.o(.text)
    __aeabi_i2d                              0x0800055b   Thumb Code    34  dflti.o(.text)
    __aeabi_ui2d                             0x0800057d   Thumb Code    26  dfltui.o(.text)
    __aeabi_d2iz                             0x08000597   Thumb Code    62  dfixi.o(.text)
    __aeabi_f2d                              0x080005d5   Thumb Code    38  f2d.o(.text)
    __aeabi_d2f                              0x080005fb   Thumb Code    56  d2f.o(.text)
    __aeabi_llsl                             0x08000633   Thumb Code    30  llshl.o(.text)
    _ll_shift_l                              0x08000633   Thumb Code     0  llshl.o(.text)
    __aeabi_llsr                             0x08000651   Thumb Code    32  llushr.o(.text)
    _ll_ushift_r                             0x08000651   Thumb Code     0  llushr.o(.text)
    __aeabi_lasr                             0x08000671   Thumb Code    36  llsshr.o(.text)
    _ll_sshift_r                             0x08000671   Thumb Code     0  llsshr.o(.text)
    __I$use$fp                               0x08000695   Thumb Code     0  iusefp.o(.text)
    _float_round                             0x08000695   Thumb Code    18  fepilogue.o(.text)
    _float_epilogue                          0x080006a7   Thumb Code    92  fepilogue.o(.text)
    _double_round                            0x08000703   Thumb Code    30  depilogue.o(.text)
    _double_epilogue                         0x08000721   Thumb Code   156  depilogue.o(.text)
    __scatterload                            0x080007bd   Thumb Code    28  init.o(.text)
    __scatterload_rt2                        0x080007bd   Thumb Code     0  init.o(.text)
    arm_bitreversal_32                       0x080007e1   Thumb Code    68  arm_bitreversal2.o(.text.arm_bitreversal_32)
    arm_cfft_f32                             0x08000825   Thumb Code   224  arm_cfft_f32.o(.text.arm_cfft_f32)
    arm_cfft_radix8by2_f32                   0x08000905   Thumb Code   408  arm_cfft_f32.o(.text.arm_cfft_radix8by2_f32)
    arm_cfft_radix8by4_f32                   0x08000a9d   Thumb Code  1020  arm_cfft_f32.o(.text.arm_cfft_radix8by4_f32)
    arm_cmplx_mag_f32                        0x08000e99   Thumb Code   340  arm_cmplx_mag_f32.o(.text.arm_cmplx_mag_f32)
    arm_radix8_butterfly_f32                 0x08000fed   Thumb Code  1458  arm_cfft_radix8_f32.o(.text.arm_radix8_butterfly_f32)
    ADC_IRQHandler                           0x08001645   Thumb Code    10  stm32f4xx_it.o(i.ADC_IRQHandler)
    BusFault_Handler                         0x080017b5   Thumb Code     4  stm32f4xx_it.o(i.BusFault_Handler)
    DAC_DMAConvCpltCh1                       0x080017b9   Thumb Code    18  stm32f4xx_hal_dac.o(i.DAC_DMAConvCpltCh1)
    DAC_DMAConvCpltCh2                       0x080017cb   Thumb Code    18  stm32f4xx_hal_dac_ex.o(i.DAC_DMAConvCpltCh2)
    DAC_DMAErrorCh1                          0x080017dd   Thumb Code    26  stm32f4xx_hal_dac.o(i.DAC_DMAErrorCh1)
    DAC_DMAErrorCh2                          0x080017f7   Thumb Code    26  stm32f4xx_hal_dac_ex.o(i.DAC_DMAErrorCh2)
    DAC_DMAHalfConvCpltCh1                   0x08001811   Thumb Code    14  stm32f4xx_hal_dac.o(i.DAC_DMAHalfConvCpltCh1)
    DAC_DMAHalfConvCpltCh2                   0x0800181f   Thumb Code    14  stm32f4xx_hal_dac_ex.o(i.DAC_DMAHalfConvCpltCh2)
    DDS_Start                                0x0800182d   Thumb Code    62  dds.o(i.DDS_Start)
    DDS_setWaveParams                        0x0800187d   Thumb Code   250  dds.o(i.DDS_setWaveParams)
    DMA1_Stream5_IRQHandler                  0x08001991   Thumb Code    10  stm32f4xx_it.o(i.DMA1_Stream5_IRQHandler)
    DMA2_Stream0_IRQHandler                  0x080019a1   Thumb Code    10  stm32f4xx_it.o(i.DMA2_Stream0_IRQHandler)
    DebugMon_Handler                         0x08001abb   Thumb Code     2  stm32f4xx_it.o(i.DebugMon_Handler)
    EXTI15_10_IRQHandler                     0x08001abd   Thumb Code    28  stm32f4xx_it.o(i.EXTI15_10_IRQHandler)
    EXTI9_5_IRQHandler                       0x08001ad9   Thumb Code    20  stm32f4xx_it.o(i.EXTI9_5_IRQHandler)
    Error_Handler                            0x08001aed   Thumb Code     6  main.o(i.Error_Handler)
    FFT_getValue                             0x08001af5   Thumb Code   100  fft.o(i.FFT_getValue)
    FFT_start                                0x08001b71   Thumb Code   768  fft.o(i.FFT_start)
    HAL_ADCEx_InjectedConvCpltCallback       0x08001ef9   Thumb Code     2  stm32f4xx_hal_adc_ex.o(i.HAL_ADCEx_InjectedConvCpltCallback)
    HAL_ADC_ConfigChannel                    0x08001efd   Thumb Code   380  stm32f4xx_hal_adc.o(i.HAL_ADC_ConfigChannel)
    HAL_ADC_ConvCpltCallback                 0x08002089   Thumb Code    32  stm32f4xx_it.o(i.HAL_ADC_ConvCpltCallback)
    HAL_ADC_ConvHalfCpltCallback             0x080020b9   Thumb Code     2  stm32f4xx_hal_adc.o(i.HAL_ADC_ConvHalfCpltCallback)
    HAL_ADC_ErrorCallback                    0x080020bb   Thumb Code     2  stm32f4xx_hal_adc.o(i.HAL_ADC_ErrorCallback)
    HAL_ADC_IRQHandler                       0x080020bd   Thumb Code   354  stm32f4xx_hal_adc.o(i.HAL_ADC_IRQHandler)
    HAL_ADC_Init                             0x08002221   Thumb Code   100  stm32f4xx_hal_adc.o(i.HAL_ADC_Init)
    HAL_ADC_LevelOutOfWindowCallback         0x08002289   Thumb Code     2  stm32f4xx_hal_adc.o(i.HAL_ADC_LevelOutOfWindowCallback)
    HAL_ADC_MspInit                          0x0800228d   Thumb Code   190  adc.o(i.HAL_ADC_MspInit)
    HAL_ADC_Start_DMA                        0x08002361   Thumb Code   398  stm32f4xx_hal_adc.o(i.HAL_ADC_Start_DMA)
    HAL_ADC_Stop_DMA                         0x08002515   Thumb Code   128  stm32f4xx_hal_adc.o(i.HAL_ADC_Stop_DMA)
    HAL_DACEx_ConvCpltCallbackCh2            0x08002595   Thumb Code     2  stm32f4xx_hal_dac_ex.o(i.HAL_DACEx_ConvCpltCallbackCh2)
    HAL_DACEx_ConvHalfCpltCallbackCh2        0x08002597   Thumb Code     2  stm32f4xx_hal_dac_ex.o(i.HAL_DACEx_ConvHalfCpltCallbackCh2)
    HAL_DACEx_ErrorCallbackCh2               0x08002599   Thumb Code     2  stm32f4xx_hal_dac_ex.o(i.HAL_DACEx_ErrorCallbackCh2)
    HAL_DAC_ConfigChannel                    0x0800259b   Thumb Code   110  stm32f4xx_hal_dac.o(i.HAL_DAC_ConfigChannel)
    HAL_DAC_ConvCpltCallbackCh1              0x08002609   Thumb Code     2  stm32f4xx_hal_dac.o(i.HAL_DAC_ConvCpltCallbackCh1)
    HAL_DAC_ConvHalfCpltCallbackCh1          0x0800260b   Thumb Code     2  stm32f4xx_hal_dac.o(i.HAL_DAC_ConvHalfCpltCallbackCh1)
    HAL_DAC_ErrorCallbackCh1                 0x0800260d   Thumb Code     2  stm32f4xx_hal_dac.o(i.HAL_DAC_ErrorCallbackCh1)
    HAL_DAC_Init                             0x0800260f   Thumb Code    40  stm32f4xx_hal_dac.o(i.HAL_DAC_Init)
    HAL_DAC_MspInit                          0x08002639   Thumb Code   182  dac.o(i.HAL_DAC_MspInit)
    HAL_DAC_Start_DMA                        0x08002705   Thumb Code   294  stm32f4xx_hal_dac.o(i.HAL_DAC_Start_DMA)
    HAL_DAC_Stop_DMA                         0x08002845   Thumb Code    98  stm32f4xx_hal_dac.o(i.HAL_DAC_Stop_DMA)
    HAL_DMA_Abort                            0x080028a7   Thumb Code   172  stm32f4xx_hal_dma.o(i.HAL_DMA_Abort)
    HAL_DMA_Abort_IT                         0x08002953   Thumb Code    40  stm32f4xx_hal_dma.o(i.HAL_DMA_Abort_IT)
    HAL_DMA_IRQHandler                       0x0800297d   Thumb Code   570  stm32f4xx_hal_dma.o(i.HAL_DMA_IRQHandler)
    HAL_DMA_Init                             0x08002bbd   Thumb Code   232  stm32f4xx_hal_dma.o(i.HAL_DMA_Init)
    HAL_DMA_Start_IT                         0x08002ca9   Thumb Code   146  stm32f4xx_hal_dma.o(i.HAL_DMA_Start_IT)
    HAL_Delay                                0x08002d3b   Thumb Code    12  delay.o(i.HAL_Delay)
    HAL_GPIO_EXTI_Callback                   0x08002d49   Thumb Code   446  stm32f4xx_it.o(i.HAL_GPIO_EXTI_Callback)
    HAL_GPIO_EXTI_IRQHandler                 0x08002f4d   Thumb Code    24  stm32f4xx_hal_gpio.o(i.HAL_GPIO_EXTI_IRQHandler)
    HAL_GPIO_Init                            0x08002f69   Thumb Code   454  stm32f4xx_hal_gpio.o(i.HAL_GPIO_Init)
    HAL_GPIO_WritePin                        0x0800315d   Thumb Code    12  stm32f4xx_hal_gpio.o(i.HAL_GPIO_WritePin)
    HAL_GetTick                              0x08003169   Thumb Code     6  stm32f4xx_hal.o(i.HAL_GetTick)
    HAL_IncTick                              0x08003175   Thumb Code    16  stm32f4xx_hal.o(i.HAL_IncTick)
    HAL_Init                                 0x0800318d   Thumb Code    54  stm32f4xx_hal.o(i.HAL_Init)
    HAL_InitTick                             0x080031c9   Thumb Code    64  stm32f4xx_hal.o(i.HAL_InitTick)
    HAL_MspInit                              0x08003215   Thumb Code    68  stm32f4xx_hal_msp.o(i.HAL_MspInit)
    HAL_NVIC_EnableIRQ                       0x0800325d   Thumb Code    40  stm32f4xx_hal_cortex.o(i.HAL_NVIC_EnableIRQ)
    HAL_NVIC_SetPriority                     0x08003285   Thumb Code   124  stm32f4xx_hal_cortex.o(i.HAL_NVIC_SetPriority)
    HAL_NVIC_SetPriorityGrouping             0x08003301   Thumb Code    32  stm32f4xx_hal_cortex.o(i.HAL_NVIC_SetPriorityGrouping)
    HAL_RCC_ClockConfig                      0x08003329   Thumb Code   368  stm32f4xx_hal_rcc.o(i.HAL_RCC_ClockConfig)
    HAL_RCC_GetHCLKFreq                      0x080034ad   Thumb Code     6  stm32f4xx_hal_rcc.o(i.HAL_RCC_GetHCLKFreq)
    HAL_RCC_GetPCLK1Freq                     0x080034b9   Thumb Code    22  stm32f4xx_hal_rcc.o(i.HAL_RCC_GetPCLK1Freq)
    HAL_RCC_GetPCLK2Freq                     0x080034d9   Thumb Code    22  stm32f4xx_hal_rcc.o(i.HAL_RCC_GetPCLK2Freq)
    HAL_RCC_GetSysClockFreq                  0x080034f9   Thumb Code   162  stm32f4xx_hal_rcc.o(i.HAL_RCC_GetSysClockFreq)
    HAL_RCC_OscConfig                        0x080035a9   Thumb Code  1172  stm32f4xx_hal_rcc.o(i.HAL_RCC_OscConfig)
    HAL_SPI_Init                             0x08003a45   Thumb Code   200  stm32f4xx_hal_spi.o(i.HAL_SPI_Init)
    HAL_SPI_MspInit                          0x08003b0d   Thumb Code   124  spi.o(i.HAL_SPI_MspInit)
    HAL_SPI_Transmit                         0x08003b95   Thumb Code   446  stm32f4xx_hal_spi.o(i.HAL_SPI_Transmit)
    HAL_SYSTICK_Config                       0x08003d53   Thumb Code    52  stm32f4xx_hal_cortex.o(i.HAL_SYSTICK_Config)
    HAL_TIMEx_BreakCallback                  0x08003d87   Thumb Code     2  stm32f4xx_hal_tim_ex.o(i.HAL_TIMEx_BreakCallback)
    HAL_TIMEx_CommutCallback                 0x08003d89   Thumb Code     2  stm32f4xx_hal_tim_ex.o(i.HAL_TIMEx_CommutCallback)
    HAL_TIMEx_MasterConfigSynchronization    0x08003d8d   Thumb Code   150  stm32f4xx_hal_tim_ex.o(i.HAL_TIMEx_MasterConfigSynchronization)
    HAL_TIM_Base_Init                        0x08003e41   Thumb Code   102  stm32f4xx_hal_tim.o(i.HAL_TIM_Base_Init)
    HAL_TIM_Base_MspInit                     0x08003ea9   Thumb Code   108  tim.o(i.HAL_TIM_Base_MspInit)
    HAL_TIM_Base_Start                       0x08003f21   Thumb Code   126  stm32f4xx_hal_tim.o(i.HAL_TIM_Base_Start)
    HAL_TIM_Base_Stop                        0x08003fbd   Thumb Code    50  stm32f4xx_hal_tim.o(i.HAL_TIM_Base_Stop)
    HAL_TIM_ConfigClockSource                0x08003fef   Thumb Code   268  stm32f4xx_hal_tim.o(i.HAL_TIM_ConfigClockSource)
    HAL_TIM_IC_CaptureCallback               0x080040fb   Thumb Code     2  stm32f4xx_hal_tim.o(i.HAL_TIM_IC_CaptureCallback)
    HAL_TIM_IRQHandler                       0x080040fd   Thumb Code   364  stm32f4xx_hal_tim.o(i.HAL_TIM_IRQHandler)
    HAL_TIM_OC_DelayElapsedCallback          0x08004269   Thumb Code     2  stm32f4xx_hal_tim.o(i.HAL_TIM_OC_DelayElapsedCallback)
    HAL_TIM_PWM_PulseFinishedCallback        0x0800426b   Thumb Code     2  stm32f4xx_hal_tim.o(i.HAL_TIM_PWM_PulseFinishedCallback)
    HAL_TIM_PeriodElapsedCallback            0x0800426d   Thumb Code     2  stm32f4xx_hal_tim.o(i.HAL_TIM_PeriodElapsedCallback)
    HAL_TIM_TriggerCallback                  0x0800426f   Thumb Code     2  stm32f4xx_hal_tim.o(i.HAL_TIM_TriggerCallback)
    HAL_UARTEx_RxEventCallback               0x08004271   Thumb Code     2  stm32f4xx_hal_uart.o(i.HAL_UARTEx_RxEventCallback)
    HAL_UART_ErrorCallback                   0x08004273   Thumb Code     2  stm32f4xx_hal_uart.o(i.HAL_UART_ErrorCallback)
    HAL_UART_IRQHandler                      0x08004275   Thumb Code   740  stm32f4xx_hal_uart.o(i.HAL_UART_IRQHandler)
    HAL_UART_Init                            0x0800455d   Thumb Code   118  stm32f4xx_hal_uart.o(i.HAL_UART_Init)
    HAL_UART_MspInit                         0x080045d5   Thumb Code   138  usart.o(i.HAL_UART_MspInit)
    HAL_UART_RxCpltCallback                  0x0800466d   Thumb Code     2  stm32f4xx_hal_uart.o(i.HAL_UART_RxCpltCallback)
    HAL_UART_Transmit                        0x0800466f   Thumb Code   190  stm32f4xx_hal_uart.o(i.HAL_UART_Transmit)
    HAL_UART_TxCpltCallback                  0x0800472d   Thumb Code     2  stm32f4xx_hal_uart.o(i.HAL_UART_TxCpltCallback)
    HardFault_Handler                        0x0800472f   Thumb Code     4  stm32f4xx_it.o(i.HardFault_Handler)
    ILI9341_Draw_Pixel                       0x08004733   Thumb Code    42  ili9341.o(i.ILI9341_Draw_Pixel)
    ILI9341_Draw_Rectangle                   0x0800475d   Thumb Code   102  ili9341.o(i.ILI9341_Draw_Rectangle)
    ILI9341_FillScreen                       0x080047c5   Thumb Code    28  ili9341.o(i.ILI9341_FillScreen)
    ILI9341_Init                             0x080047e5   Thumb Code   530  ili9341.o(i.ILI9341_Init)
    ILI9341_Reset                            0x080049f9   Thumb Code    48  ili9341.o(i.ILI9341_Reset)
    ILI9341_SPI_Transmit                     0x08004a31   Thumb Code    16  ili9341.o(i.ILI9341_SPI_Transmit)
    ILI9341_Set_Address                      0x08004a45   Thumb Code    58  ili9341.o(i.ILI9341_Set_Address)
    ILI9341_Write_Command                    0x08004a81   Thumb Code    44  ili9341.o(i.ILI9341_Write_Command)
    ILI9341_Write_Data                       0x08004ab5   Thumb Code    44  ili9341.o(i.ILI9341_Write_Data)
    ILI9341_Write_Data16                     0x08004ae9   Thumb Code    62  ili9341.o(i.ILI9341_Write_Data16)
    ILI9341_Write_Data16Burst                0x08004b35   Thumb Code   162  ili9341.o(i.ILI9341_Write_Data16Burst)
    LCD_Disp_Decimal                         0x08004be5   Thumb Code   208  lcdapi.o(i.LCD_Disp_Decimal)
    LCD_Disp_NumLow                          0x08004cb9   Thumb Code    92  lcdapi.o(i.LCD_Disp_NumLow)
    LCD_Disp_Text                            0x08004d19   Thumb Code    58  lcdapi.o(i.LCD_Disp_Text)
    LCD_Draw_Char                            0x08004d59   Thumb Code   266  lcdapi.o(i.LCD_Draw_Char)
    LCD_FUNC_Power                           0x08004e7d   Thumb Code    22  lcdapi.o(i.LCD_FUNC_Power)
    LCD_FillScreen                           0x08004e93   Thumb Code    12  lcdapi.o(i.LCD_FillScreen)
    LCD_Init                                 0x08004e9f   Thumb Code    16  lcdapi.o(i.LCD_Init)
    MX_ADC1_Init                             0x08004eb1   Thumb Code   104  adc.o(i.MX_ADC1_Init)
    MX_DAC_Init                              0x08004f21   Thumb Code    52  dac.o(i.MX_DAC_Init)
    MX_DMA_Init                              0x08004f5d   Thumb Code    98  dma.o(i.MX_DMA_Init)
    MX_GPIO_Init                             0x08004fc5   Thumb Code   362  gpio.o(i.MX_GPIO_Init)
    MX_SPI2_Init                             0x08005141   Thumb Code    58  spi.o(i.MX_SPI2_Init)
    MX_TIM3_Init                             0x08005185   Thumb Code   104  tim.o(i.MX_TIM3_Init)
    MX_TIM8_Init                             0x080051f5   Thumb Code   102  tim.o(i.MX_TIM8_Init)
    MX_USART2_UART_Init                      0x08005265   Thumb Code    46  usart.o(i.MX_USART2_UART_Init)
    MemManage_Handler                        0x0800529d   Thumb Code     4  stm32f4xx_it.o(i.MemManage_Handler)
    NMI_Handler                              0x080052a1   Thumb Code     4  stm32f4xx_it.o(i.NMI_Handler)
    PendSV_Handler                           0x080052a5   Thumb Code     2  stm32f4xx_it.o(i.PendSV_Handler)
    SVC_Handler                              0x08005409   Thumb Code     2  stm32f4xx_it.o(i.SVC_Handler)
    SysTick_Handler                          0x0800540b   Thumb Code     8  stm32f4xx_it.o(i.SysTick_Handler)
    SystemClock_Config                       0x08005415   Thumb Code   172  main.o(i.SystemClock_Config)
    SystemInit                               0x080054c9   Thumb Code    14  system_stm32f4xx.o(i.SystemInit)
    TIM3_IRQHandler                          0x080054dd   Thumb Code    10  stm32f4xx_it.o(i.TIM3_IRQHandler)
    TIM_Base_SetConfig                       0x080054ed   Thumb Code   186  stm32f4xx_hal_tim.o(i.TIM_Base_SetConfig)
    TIM_ETR_SetConfig                        0x080055d5   Thumb Code    22  stm32f4xx_hal_tim.o(i.TIM_ETR_SetConfig)
    USART2_IRQHandler                        0x08005b01   Thumb Code    10  stm32f4xx_it.o(i.USART2_IRQHandler)
    UsageFault_Handler                       0x08005b11   Thumb Code     4  stm32f4xx_it.o(i.UsageFault_Handler)
    __0printf$bare                           0x08005b15   Thumb Code     8  printfb.o(i.__0printf$bare)
    __1printf$bare                           0x08005b15   Thumb Code     0  printfb.o(i.__0printf$bare)
    __2printf                                0x08005b15   Thumb Code     0  printfb.o(i.__0printf$bare)
    __ARM_fpclassify                         0x08005b25   Thumb Code    48  fpclassify.o(i.__ARM_fpclassify)
    __ARM_fpclassifyf                        0x08005b55   Thumb Code    38  fpclassifyf.o(i.__ARM_fpclassifyf)
    __hardfp_cos                             0x08005bb9   Thumb Code   180  cos.o(i.__hardfp_cos)
    __hardfp_sinf                            0x08005c81   Thumb Code   344  sinf.o(i.__hardfp_sinf)
    __hardfp_sqrtf                           0x08005e11   Thumb Code    58  sqrtf.o(i.__hardfp_sqrtf)
    __ieee754_rem_pio2                       0x08005e51   Thumb Code   938  rred.o(i.__ieee754_rem_pio2)
    __kernel_cos                             0x08006289   Thumb Code   322  cos_i.o(i.__kernel_cos)
    __kernel_poly                            0x080063f9   Thumb Code   248  poly.o(i.__kernel_poly)
    __kernel_sin                             0x080064f1   Thumb Code   280  sin_i.o(i.__kernel_sin)
    __mathlib_dbl_infnan                     0x08006621   Thumb Code    20  dunder.o(i.__mathlib_dbl_infnan)
    __mathlib_dbl_invalid                    0x08006639   Thumb Code    24  dunder.o(i.__mathlib_dbl_invalid)
    __mathlib_dbl_underflow                  0x08006659   Thumb Code    24  dunder.o(i.__mathlib_dbl_underflow)
    __mathlib_flt_infnan                     0x08006679   Thumb Code     6  funder.o(i.__mathlib_flt_infnan)
    __mathlib_flt_invalid                    0x08006681   Thumb Code    10  funder.o(i.__mathlib_flt_invalid)
    __mathlib_flt_underflow                  0x08006691   Thumb Code    10  funder.o(i.__mathlib_flt_underflow)
    __mathlib_rredf2                         0x080066a1   Thumb Code   316  rredf.o(i.__mathlib_rredf2)
    __scatterload_copy                       0x080067f5   Thumb Code    14  handlers.o(i.__scatterload_copy)
    __scatterload_null                       0x08006803   Thumb Code     2  handlers.o(i.__scatterload_null)
    __scatterload_zeroinit                   0x08006805   Thumb Code    14  handlers.o(i.__scatterload_zeroinit)
    __set_errno                              0x08006815   Thumb Code     6  errno.o(i.__set_errno)
    delay_init                               0x08006845   Thumb Code     6  delay.o(i.delay_init)
    delay_ms                                 0x08006851   Thumb Code    18  delay.o(i.delay_ms)
    delay_us                                 0x08006865   Thumb Code    68  delay.o(i.delay_us)
    fabs                                     0x080068ad   Thumb Code    24  fabs.o(i.fabs)
    fputc                                    0x080068c5   Thumb Code    22  usart.o(i.fputc)
    free                                     0x080068e1   Thumb Code    76  malloc.o(i.free)
    getNewWaveLUT                            0x08006931   Thumb Code   472  dds.o(i.getNewWaveLUT)
    identifyWaveType                         0x08006b19   Thumb Code   468  main.o(i.identifyWaveType)
    main                                     0x08006d15   Thumb Code  1508  main.o(i.main)
    malloc                                   0x08007311   Thumb Code    92  malloc.o(i.malloc)
    setOffset                                0x0800737d   Thumb Code    54  dds.o(i.setOffset)
    AHBPrescTable                            0x080073c8   Data          16  system_stm32f4xx.o(.constdata)
    APBPrescTable                            0x080073d8   Data           8  system_stm32f4xx.o(.constdata)
    armBitRevIndexTable4096                  0x08008190   Data        8064  arm_common_tables.o(.rodata.armBitRevIndexTable4096)
    arm_cfft_sR_f32_len4096                  0x0800a110   Data          16  arm_const_structs.o(.rodata.arm_cfft_sR_f32_len4096)
    twiddleCoef_4096                         0x0800a120   Data       32768  arm_common_tables.o(.rodata.twiddleCoef_4096)
    Region$$Table$$Base                      0x08012120   Number         0  anon$$obj.o(Region$$Table)
    Region$$Table$$Limit                     0x08012140   Number         0  anon$$obj.o(Region$$Table)
    ADCready                                 0x20000000   Data           1  main.o(.data)
    measureFlag                              0x20000001   Data           1  main.o(.data)
    WAVE                                     0x20000002   Data           1  main.o(.data)
    uwTick                                   0x20000008   Data           4  stm32f4xx_hal.o(.data)
    uwTickPrio                               0x2000000c   Data           4  stm32f4xx_hal.o(.data)
    uwTickFreq                               0x20000010   Data           1  stm32f4xx_hal.o(.data)
    SystemCoreClock                          0x20000014   Data           4  system_stm32f4xx.o(.data)
    sampleRate                               0x20000018   Data           4  fft.o(.data)
    biasVoltage                              0x2000001c   Data           4  fft.o(.data)
    mainFreq                                 0x20000020   Data           4  fft.o(.data)
    Vopp                                     0x20000024   Data           4  fft.o(.data)
    Duty                                     0x20000028   Data           4  fft.o(.data)
    __stdout                                 0x20000030   Data           4  stdout.o(.data)
    __microlib_freelist                      0x20000034   Data           4  mvars.o(.data)
    __microlib_freelist_initialised          0x20000038   Data           4  mvars.o(.data)
    hadc1                                    0x20000040   Data          72  adc.o(.bss)
    hdma_adc1                                0x20000088   Data          96  adc.o(.bss)
    hdac                                     0x200000e8   Data          20  dac.o(.bss)
    hdma_dac1                                0x200000fc   Data          96  dac.o(.bss)
    hspi2                                    0x2000015c   Data          88  spi.o(.bss)
    htim3                                    0x200001b4   Data          72  tim.o(.bss)
    htim8                                    0x200001fc   Data          72  tim.o(.bss)
    huart2                                   0x20000244   Data          72  usart.o(.bss)
    DDS                                      0x2000028c   Data          20  dds.o(.bss)
    DDS_lut                                  0x200002a0   Data         512  dds.o(.bss)
    ADCbuff                                  0x200004a0   Data        8192  fft.o(.bss)
    fft_inputbuf                             0x200024a0   Data       32768  fft.o(.bss)
    fft_outputbuf                            0x2000a4a0   Data       16384  fft.o(.bss)
    freamp                                   0x2000e4a0   Data         200  fft.o(.bss)
    window                                   0x2000e568   Data       16384  fft.o(.bss)
    windowdata                               0x20012568   Data       16384  fft.o(.bss)
    __heap_base                              0x20016568   Data           0  startup_stm32f407xx.o(HEAP)
    __heap_limit                             0x20016768   Data           0  startup_stm32f407xx.o(HEAP)
    __initial_sp                             0x20016b68   Data           0  startup_stm32f407xx.o(STACK)



==============================================================================

Memory Map of the image

  Image Entry point : 0x08000189

  Load Region LR_IROM1 (Base: 0x08000000, Size: 0x00012180, Max: 0x00080000, ABSOLUTE)

    Execution Region ER_IROM1 (Exec base: 0x08000000, Load base: 0x08000000, Size: 0x00012140, Max: 0x00080000, ABSOLUTE)

    Exec Addr    Load Addr    Size         Type   Attr      Idx    E Section Name        Object

    0x08000000   0x08000000   0x00000188   Data   RO            3    RESET               startup_stm32f407xx.o
    0x08000188   0x08000188   0x00000000   Code   RO         4860  * .ARM.Collect$$$$00000000  mc_w.l(entry.o)
    0x08000188   0x08000188   0x00000004   Code   RO         5218    .ARM.Collect$$$$00000001  mc_w.l(entry2.o)
    0x0800018c   0x0800018c   0x00000004   Code   RO         5221    .ARM.Collect$$$$00000004  mc_w.l(entry5.o)
    0x08000190   0x08000190   0x00000000   Code   RO         5223    .ARM.Collect$$$$00000008  mc_w.l(entry7b.o)
    0x08000190   0x08000190   0x00000000   Code   RO         5225    .ARM.Collect$$$$0000000A  mc_w.l(entry8b.o)
    0x08000190   0x08000190   0x00000008   Code   RO         5226    .ARM.Collect$$$$0000000B  mc_w.l(entry9a.o)
    0x08000198   0x08000198   0x00000004   Code   RO         5233    .ARM.Collect$$$$0000000E  mc_w.l(entry12b.o)
    0x0800019c   0x0800019c   0x00000000   Code   RO         5228    .ARM.Collect$$$$0000000F  mc_w.l(entry10a.o)
    0x0800019c   0x0800019c   0x00000000   Code   RO         5230    .ARM.Collect$$$$00000011  mc_w.l(entry11a.o)
    0x0800019c   0x0800019c   0x00000004   Code   RO         5219    .ARM.Collect$$$$00002712  mc_w.l(entry2.o)
    0x080001a0   0x080001a0   0x00000024   Code   RO            4    .text               startup_stm32f407xx.o
    0x080001c4   0x080001c4   0x00000062   Code   RO         4863    .text               mc_w.l(uldiv.o)
    0x08000226   0x08000226   0x00000024   Code   RO         4865    .text               mc_w.l(memseta.o)
    0x0800024a   0x0800024a   0x0000014e   Code   RO         5155    .text               mf_w.l(dadd.o)
    0x08000398   0x08000398   0x000000e4   Code   RO         5157    .text               mf_w.l(dmul.o)
    0x0800047c   0x0800047c   0x000000de   Code   RO         5159    .text               mf_w.l(ddiv.o)
    0x0800055a   0x0800055a   0x00000022   Code   RO         5161    .text               mf_w.l(dflti.o)
    0x0800057c   0x0800057c   0x0000001a   Code   RO         5163    .text               mf_w.l(dfltui.o)
    0x08000596   0x08000596   0x0000003e   Code   RO         5165    .text               mf_w.l(dfixi.o)
    0x080005d4   0x080005d4   0x00000026   Code   RO         5167    .text               mf_w.l(f2d.o)
    0x080005fa   0x080005fa   0x00000038   Code   RO         5169    .text               mf_w.l(d2f.o)
    0x08000632   0x08000632   0x0000001e   Code   RO         5237    .text               mc_w.l(llshl.o)
    0x08000650   0x08000650   0x00000020   Code   RO         5239    .text               mc_w.l(llushr.o)
    0x08000670   0x08000670   0x00000024   Code   RO         5241    .text               mc_w.l(llsshr.o)
    0x08000694   0x08000694   0x00000000   Code   RO         5256    .text               mc_w.l(iusefp.o)
    0x08000694   0x08000694   0x0000006e   Code   RO         5257    .text               mf_w.l(fepilogue.o)
    0x08000702   0x08000702   0x000000ba   Code   RO         5259    .text               mf_w.l(depilogue.o)
    0x080007bc   0x080007bc   0x00000024   Code   RO         5277    .text               mc_w.l(init.o)
    0x080007e0   0x080007e0   0x00000044   Code   RO         4684    .text.arm_bitreversal_32  arm_cortexM4lf_math.lib(arm_bitreversal2.o)
    0x08000824   0x08000824   0x000000e0   Code   RO         4597    .text.arm_cfft_f32  arm_cortexM4lf_math.lib(arm_cfft_f32.o)
    0x08000904   0x08000904   0x00000198   Code   RO         4593    .text.arm_cfft_radix8by2_f32  arm_cortexM4lf_math.lib(arm_cfft_f32.o)
    0x08000a9c   0x08000a9c   0x000003fc   Code   RO         4595    .text.arm_cfft_radix8by4_f32  arm_cortexM4lf_math.lib(arm_cfft_f32.o)
    0x08000e98   0x08000e98   0x00000154   Code   RO         4583    .text.arm_cmplx_mag_f32  arm_cortexM4lf_math.lib(arm_cmplx_mag_f32.o)
    0x08000fec   0x08000fec   0x000005b2   Code   RO         4696    .text.arm_radix8_butterfly_f32  arm_cortexM4lf_math.lib(arm_cfft_radix8_f32.o)
    0x0800159e   0x0800159e   0x0000007e   Code   RO          737    i.ADC_DMAConvCplt   stm32f4xx_hal_adc.o
    0x0800161c   0x0800161c   0x0000001a   Code   RO          738    i.ADC_DMAError      stm32f4xx_hal_adc.o
    0x08001636   0x08001636   0x0000000e   Code   RO          739    i.ADC_DMAHalfConvCplt  stm32f4xx_hal_adc.o
    0x08001644   0x08001644   0x00000010   Code   RO          580    i.ADC_IRQHandler    stm32f4xx_it.o
    0x08001654   0x08001654   0x00000160   Code   RO          740    i.ADC_Init          stm32f4xx_hal_adc.o
    0x080017b4   0x080017b4   0x00000004   Code   RO          581    i.BusFault_Handler  stm32f4xx_it.o
    0x080017b8   0x080017b8   0x00000012   Code   RO         2215    i.DAC_DMAConvCpltCh1  stm32f4xx_hal_dac.o
    0x080017ca   0x080017ca   0x00000012   Code   RO         2359    i.DAC_DMAConvCpltCh2  stm32f4xx_hal_dac_ex.o
    0x080017dc   0x080017dc   0x0000001a   Code   RO         2216    i.DAC_DMAErrorCh1   stm32f4xx_hal_dac.o
    0x080017f6   0x080017f6   0x0000001a   Code   RO         2360    i.DAC_DMAErrorCh2   stm32f4xx_hal_dac_ex.o
    0x08001810   0x08001810   0x0000000e   Code   RO         2217    i.DAC_DMAHalfConvCpltCh1  stm32f4xx_hal_dac.o
    0x0800181e   0x0800181e   0x0000000e   Code   RO         2361    i.DAC_DMAHalfConvCpltCh2  stm32f4xx_hal_dac_ex.o
    0x0800182c   0x0800182c   0x00000050   Code   RO         4446    i.DDS_Start         dds.o
    0x0800187c   0x0800187c   0x00000114   Code   RO         4448    i.DDS_setWaveParams  dds.o
    0x08001990   0x08001990   0x00000010   Code   RO          582    i.DMA1_Stream5_IRQHandler  stm32f4xx_it.o
    0x080019a0   0x080019a0   0x00000010   Code   RO          583    i.DMA2_Stream0_IRQHandler  stm32f4xx_it.o
    0x080019b0   0x080019b0   0x00000034   Code   RO         1639    i.DMA_CalcBaseAndBitshift  stm32f4xx_hal_dma.o
    0x080019e4   0x080019e4   0x000000aa   Code   RO         1640    i.DMA_CheckFifoParam  stm32f4xx_hal_dma.o
    0x08001a8e   0x08001a8e   0x0000002c   Code   RO         1641    i.DMA_SetConfig     stm32f4xx_hal_dma.o
    0x08001aba   0x08001aba   0x00000002   Code   RO          584    i.DebugMon_Handler  stm32f4xx_it.o
    0x08001abc   0x08001abc   0x0000001c   Code   RO          585    i.EXTI15_10_IRQHandler  stm32f4xx_it.o
    0x08001ad8   0x08001ad8   0x00000014   Code   RO          586    i.EXTI9_5_IRQHandler  stm32f4xx_it.o
    0x08001aec   0x08001aec   0x00000006   Code   RO           13    i.Error_Handler     main.o
    0x08001af2   0x08001af2   0x00000002   PAD
    0x08001af4   0x08001af4   0x0000007c   Code   RO         4500    i.FFT_getValue      fft.o
    0x08001b70   0x08001b70   0x00000388   Code   RO         4501    i.FFT_start         fft.o
    0x08001ef8   0x08001ef8   0x00000002   Code   RO          911    i.HAL_ADCEx_InjectedConvCpltCallback  stm32f4xx_hal_adc_ex.o
    0x08001efa   0x08001efa   0x00000002   PAD
    0x08001efc   0x08001efc   0x0000018c   Code   RO          742    i.HAL_ADC_ConfigChannel  stm32f4xx_hal_adc.o
    0x08002088   0x08002088   0x00000030   Code   RO          587    i.HAL_ADC_ConvCpltCallback  stm32f4xx_it.o
    0x080020b8   0x080020b8   0x00000002   Code   RO          744    i.HAL_ADC_ConvHalfCpltCallback  stm32f4xx_hal_adc.o
    0x080020ba   0x080020ba   0x00000002   Code   RO          746    i.HAL_ADC_ErrorCallback  stm32f4xx_hal_adc.o
    0x080020bc   0x080020bc   0x00000162   Code   RO          750    i.HAL_ADC_IRQHandler  stm32f4xx_hal_adc.o
    0x0800221e   0x0800221e   0x00000002   PAD
    0x08002220   0x08002220   0x00000068   Code   RO          751    i.HAL_ADC_Init      stm32f4xx_hal_adc.o
    0x08002288   0x08002288   0x00000002   Code   RO          752    i.HAL_ADC_LevelOutOfWindowCallback  stm32f4xx_hal_adc.o
    0x0800228a   0x0800228a   0x00000002   PAD
    0x0800228c   0x0800228c   0x000000d4   Code   RO          329    i.HAL_ADC_MspInit   adc.o
    0x08002360   0x08002360   0x000001b4   Code   RO          758    i.HAL_ADC_Start_DMA  stm32f4xx_hal_adc.o
    0x08002514   0x08002514   0x00000080   Code   RO          761    i.HAL_ADC_Stop_DMA  stm32f4xx_hal_adc.o
    0x08002594   0x08002594   0x00000002   Code   RO         2362    i.HAL_DACEx_ConvCpltCallbackCh2  stm32f4xx_hal_dac_ex.o
    0x08002596   0x08002596   0x00000002   Code   RO         2363    i.HAL_DACEx_ConvHalfCpltCallbackCh2  stm32f4xx_hal_dac_ex.o
    0x08002598   0x08002598   0x00000002   Code   RO         2369    i.HAL_DACEx_ErrorCallbackCh2  stm32f4xx_hal_dac_ex.o
    0x0800259a   0x0800259a   0x0000006e   Code   RO         2218    i.HAL_DAC_ConfigChannel  stm32f4xx_hal_dac.o
    0x08002608   0x08002608   0x00000002   Code   RO         2219    i.HAL_DAC_ConvCpltCallbackCh1  stm32f4xx_hal_dac.o
    0x0800260a   0x0800260a   0x00000002   Code   RO         2220    i.HAL_DAC_ConvHalfCpltCallbackCh1  stm32f4xx_hal_dac.o
    0x0800260c   0x0800260c   0x00000002   Code   RO         2223    i.HAL_DAC_ErrorCallbackCh1  stm32f4xx_hal_dac.o
    0x0800260e   0x0800260e   0x00000028   Code   RO         2228    i.HAL_DAC_Init      stm32f4xx_hal_dac.o
    0x08002636   0x08002636   0x00000002   PAD
    0x08002638   0x08002638   0x000000cc   Code   RO          371    i.HAL_DAC_MspInit   dac.o
    0x08002704   0x08002704   0x00000140   Code   RO         2233    i.HAL_DAC_Start_DMA  stm32f4xx_hal_dac.o
    0x08002844   0x08002844   0x00000062   Code   RO         2235    i.HAL_DAC_Stop_DMA  stm32f4xx_hal_dac.o
    0x080028a6   0x080028a6   0x000000ac   Code   RO         1642    i.HAL_DMA_Abort     stm32f4xx_hal_dma.o
    0x08002952   0x08002952   0x00000028   Code   RO         1643    i.HAL_DMA_Abort_IT  stm32f4xx_hal_dma.o
    0x0800297a   0x0800297a   0x00000002   PAD
    0x0800297c   0x0800297c   0x00000240   Code   RO         1647    i.HAL_DMA_IRQHandler  stm32f4xx_hal_dma.o
    0x08002bbc   0x08002bbc   0x000000ec   Code   RO         1648    i.HAL_DMA_Init      stm32f4xx_hal_dma.o
    0x08002ca8   0x08002ca8   0x00000092   Code   RO         1652    i.HAL_DMA_Start_IT  stm32f4xx_hal_dma.o
    0x08002d3a   0x08002d3a   0x0000000c   Code   RO         4538    i.HAL_Delay         delay.o
    0x08002d46   0x08002d46   0x00000002   PAD
    0x08002d48   0x08002d48   0x00000204   Code   RO          588    i.HAL_GPIO_EXTI_Callback  stm32f4xx_it.o
    0x08002f4c   0x08002f4c   0x0000001c   Code   RO         1534    i.HAL_GPIO_EXTI_IRQHandler  stm32f4xx_hal_gpio.o
    0x08002f68   0x08002f68   0x000001f4   Code   RO         1535    i.HAL_GPIO_Init     stm32f4xx_hal_gpio.o
    0x0800315c   0x0800315c   0x0000000c   Code   RO         1539    i.HAL_GPIO_WritePin  stm32f4xx_hal_gpio.o
    0x08003168   0x08003168   0x0000000c   Code   RO         1970    i.HAL_GetTick       stm32f4xx_hal.o
    0x08003174   0x08003174   0x00000018   Code   RO         1976    i.HAL_IncTick       stm32f4xx_hal.o
    0x0800318c   0x0800318c   0x0000003c   Code   RO         1977    i.HAL_Init          stm32f4xx_hal.o
    0x080031c8   0x080031c8   0x0000004c   Code   RO         1978    i.HAL_InitTick      stm32f4xx_hal.o
    0x08003214   0x08003214   0x00000048   Code   RO          713    i.HAL_MspInit       stm32f4xx_hal_msp.o
    0x0800325c   0x0800325c   0x00000028   Code   RO         1807    i.HAL_NVIC_EnableIRQ  stm32f4xx_hal_cortex.o
    0x08003284   0x08003284   0x0000007c   Code   RO         1813    i.HAL_NVIC_SetPriority  stm32f4xx_hal_cortex.o
    0x08003300   0x08003300   0x00000028   Code   RO         1814    i.HAL_NVIC_SetPriorityGrouping  stm32f4xx_hal_cortex.o
    0x08003328   0x08003328   0x00000184   Code   RO         1016    i.HAL_RCC_ClockConfig  stm32f4xx_hal_rcc.o
    0x080034ac   0x080034ac   0x0000000c   Code   RO         1021    i.HAL_RCC_GetHCLKFreq  stm32f4xx_hal_rcc.o
    0x080034b8   0x080034b8   0x00000020   Code   RO         1023    i.HAL_RCC_GetPCLK1Freq  stm32f4xx_hal_rcc.o
    0x080034d8   0x080034d8   0x00000020   Code   RO         1024    i.HAL_RCC_GetPCLK2Freq  stm32f4xx_hal_rcc.o
    0x080034f8   0x080034f8   0x000000b0   Code   RO         1025    i.HAL_RCC_GetSysClockFreq  stm32f4xx_hal_rcc.o
    0x080035a8   0x080035a8   0x0000049c   Code   RO         1028    i.HAL_RCC_OscConfig  stm32f4xx_hal_rcc.o
    0x08003a44   0x08003a44   0x000000c8   Code   RO         2466    i.HAL_SPI_Init      stm32f4xx_hal_spi.o
    0x08003b0c   0x08003b0c   0x00000088   Code   RO          437    i.HAL_SPI_MspInit   spi.o
    0x08003b94   0x08003b94   0x000001be   Code   RO         2474    i.HAL_SPI_Transmit  stm32f4xx_hal_spi.o
    0x08003d52   0x08003d52   0x00000034   Code   RO         1818    i.HAL_SYSTICK_Config  stm32f4xx_hal_cortex.o
    0x08003d86   0x08003d86   0x00000002   Code   RO         3494    i.HAL_TIMEx_BreakCallback  stm32f4xx_hal_tim_ex.o
    0x08003d88   0x08003d88   0x00000002   Code   RO         3495    i.HAL_TIMEx_CommutCallback  stm32f4xx_hal_tim_ex.o
    0x08003d8a   0x08003d8a   0x00000002   PAD
    0x08003d8c   0x08003d8c   0x000000b4   Code   RO         3513    i.HAL_TIMEx_MasterConfigSynchronization  stm32f4xx_hal_tim_ex.o
    0x08003e40   0x08003e40   0x00000066   Code   RO         2779    i.HAL_TIM_Base_Init  stm32f4xx_hal_tim.o
    0x08003ea6   0x08003ea6   0x00000002   PAD
    0x08003ea8   0x08003ea8   0x00000078   Code   RO          479    i.HAL_TIM_Base_MspInit  tim.o
    0x08003f20   0x08003f20   0x0000009c   Code   RO         2782    i.HAL_TIM_Base_Start  stm32f4xx_hal_tim.o
    0x08003fbc   0x08003fbc   0x00000032   Code   RO         2785    i.HAL_TIM_Base_Stop  stm32f4xx_hal_tim.o
    0x08003fee   0x08003fee   0x0000010c   Code   RO         2788    i.HAL_TIM_ConfigClockSource  stm32f4xx_hal_tim.o
    0x080040fa   0x080040fa   0x00000002   Code   RO         2813    i.HAL_TIM_IC_CaptureCallback  stm32f4xx_hal_tim.o
    0x080040fc   0x080040fc   0x0000016c   Code   RO         2827    i.HAL_TIM_IRQHandler  stm32f4xx_hal_tim.o
    0x08004268   0x08004268   0x00000002   Code   RO         2830    i.HAL_TIM_OC_DelayElapsedCallback  stm32f4xx_hal_tim.o
    0x0800426a   0x0800426a   0x00000002   Code   RO         2857    i.HAL_TIM_PWM_PulseFinishedCallback  stm32f4xx_hal_tim.o
    0x0800426c   0x0800426c   0x00000002   Code   RO         2865    i.HAL_TIM_PeriodElapsedCallback  stm32f4xx_hal_tim.o
    0x0800426e   0x0800426e   0x00000002   Code   RO         2870    i.HAL_TIM_TriggerCallback  stm32f4xx_hal_tim.o
    0x08004270   0x08004270   0x00000002   Code   RO         3773    i.HAL_UARTEx_RxEventCallback  stm32f4xx_hal_uart.o
    0x08004272   0x08004272   0x00000002   Code   RO         3787    i.HAL_UART_ErrorCallback  stm32f4xx_hal_uart.o
    0x08004274   0x08004274   0x000002e8   Code   RO         3790    i.HAL_UART_IRQHandler  stm32f4xx_hal_uart.o
    0x0800455c   0x0800455c   0x00000076   Code   RO         3791    i.HAL_UART_Init     stm32f4xx_hal_uart.o
    0x080045d2   0x080045d2   0x00000002   PAD
    0x080045d4   0x080045d4   0x00000098   Code   RO          527    i.HAL_UART_MspInit  usart.o
    0x0800466c   0x0800466c   0x00000002   Code   RO         3797    i.HAL_UART_RxCpltCallback  stm32f4xx_hal_uart.o
    0x0800466e   0x0800466e   0x000000be   Code   RO         3799    i.HAL_UART_Transmit  stm32f4xx_hal_uart.o
    0x0800472c   0x0800472c   0x00000002   Code   RO         3802    i.HAL_UART_TxCpltCallback  stm32f4xx_hal_uart.o
    0x0800472e   0x0800472e   0x00000004   Code   RO          589    i.HardFault_Handler  stm32f4xx_it.o
    0x08004732   0x08004732   0x0000002a   Code   RO         4172    i.ILI9341_Draw_Pixel  ili9341.o
    0x0800475c   0x0800475c   0x00000066   Code   RO         4173    i.ILI9341_Draw_Rectangle  ili9341.o
    0x080047c2   0x080047c2   0x00000002   PAD
    0x080047c4   0x080047c4   0x00000020   Code   RO         4175    i.ILI9341_FillScreen  ili9341.o
    0x080047e4   0x080047e4   0x00000212   Code   RO         4176    i.ILI9341_Init      ili9341.o
    0x080049f6   0x080049f6   0x00000002   PAD
    0x080049f8   0x080049f8   0x00000038   Code   RO         4177    i.ILI9341_Reset     ili9341.o
    0x08004a30   0x08004a30   0x00000014   Code   RO         4178    i.ILI9341_SPI_Transmit  ili9341.o
    0x08004a44   0x08004a44   0x0000003a   Code   RO         4179    i.ILI9341_Set_Address  ili9341.o
    0x08004a7e   0x08004a7e   0x00000002   PAD
    0x08004a80   0x08004a80   0x00000034   Code   RO         4180    i.ILI9341_Write_Command  ili9341.o
    0x08004ab4   0x08004ab4   0x00000034   Code   RO         4181    i.ILI9341_Write_Data  ili9341.o
    0x08004ae8   0x08004ae8   0x0000004c   Code   RO         4182    i.ILI9341_Write_Data16  ili9341.o
    0x08004b34   0x08004b34   0x000000b0   Code   RO         4183    i.ILI9341_Write_Data16Burst  ili9341.o
    0x08004be4   0x08004be4   0x000000d4   Code   RO         4277    i.LCD_Disp_Decimal  lcdapi.o
    0x08004cb8   0x08004cb8   0x00000060   Code   RO         4280    i.LCD_Disp_NumLow   lcdapi.o
    0x08004d18   0x08004d18   0x00000040   Code   RO         4282    i.LCD_Disp_Text     lcdapi.o
    0x08004d58   0x08004d58   0x00000124   Code   RO         4285    i.LCD_Draw_Char     lcdapi.o
    0x08004e7c   0x08004e7c   0x00000016   Code   RO         4295    i.LCD_FUNC_Power    lcdapi.o
    0x08004e92   0x08004e92   0x0000000c   Code   RO         4297    i.LCD_FillScreen    lcdapi.o
    0x08004e9e   0x08004e9e   0x00000010   Code   RO         4298    i.LCD_Init          lcdapi.o
    0x08004eae   0x08004eae   0x00000002   PAD
    0x08004eb0   0x08004eb0   0x00000070   Code   RO          330    i.MX_ADC1_Init      adc.o
    0x08004f20   0x08004f20   0x0000003c   Code   RO          372    i.MX_DAC_Init       dac.o
    0x08004f5c   0x08004f5c   0x00000068   Code   RO          412    i.MX_DMA_Init       dma.o
    0x08004fc4   0x08004fc4   0x0000017c   Code   RO          304    i.MX_GPIO_Init      gpio.o
    0x08005140   0x08005140   0x00000044   Code   RO          438    i.MX_SPI2_Init      spi.o
    0x08005184   0x08005184   0x00000070   Code   RO          480    i.MX_TIM3_Init      tim.o
    0x080051f4   0x080051f4   0x00000070   Code   RO          481    i.MX_TIM8_Init      tim.o
    0x08005264   0x08005264   0x00000038   Code   RO          528    i.MX_USART2_UART_Init  usart.o
    0x0800529c   0x0800529c   0x00000004   Code   RO          590    i.MemManage_Handler  stm32f4xx_it.o
    0x080052a0   0x080052a0   0x00000004   Code   RO          591    i.NMI_Handler       stm32f4xx_it.o
    0x080052a4   0x080052a4   0x00000002   Code   RO          592    i.PendSV_Handler    stm32f4xx_it.o
    0x080052a6   0x080052a6   0x00000002   PAD
    0x080052a8   0x080052a8   0x00000088   Code   RO         2504    i.SPI_EndRxTxTransaction  stm32f4xx_hal_spi.o
    0x08005330   0x08005330   0x000000d8   Code   RO         2509    i.SPI_WaitFlagStateUntilTimeout  stm32f4xx_hal_spi.o
    0x08005408   0x08005408   0x00000002   Code   RO          593    i.SVC_Handler       stm32f4xx_it.o
    0x0800540a   0x0800540a   0x00000008   Code   RO          594    i.SysTick_Handler   stm32f4xx_it.o
    0x08005412   0x08005412   0x00000002   PAD
    0x08005414   0x08005414   0x000000b4   Code   RO           14    i.SystemClock_Config  main.o
    0x080054c8   0x080054c8   0x00000014   Code   RO         4135    i.SystemInit        system_stm32f4xx.o
    0x080054dc   0x080054dc   0x00000010   Code   RO          595    i.TIM3_IRQHandler   stm32f4xx_it.o
    0x080054ec   0x080054ec   0x000000e8   Code   RO         2872    i.TIM_Base_SetConfig  stm32f4xx_hal_tim.o
    0x080055d4   0x080055d4   0x00000016   Code   RO         2883    i.TIM_ETR_SetConfig  stm32f4xx_hal_tim.o
    0x080055ea   0x080055ea   0x00000012   Code   RO         2884    i.TIM_ITRx_SetConfig  stm32f4xx_hal_tim.o
    0x080055fc   0x080055fc   0x00000026   Code   RO         2890    i.TIM_TI1_ConfigInputStage  stm32f4xx_hal_tim.o
    0x08005622   0x08005622   0x00000028   Code   RO         2892    i.TIM_TI2_ConfigInputStage  stm32f4xx_hal_tim.o
    0x0800564a   0x0800564a   0x00000014   Code   RO         3804    i.UART_DMAAbortOnError  stm32f4xx_hal_uart.o
    0x0800565e   0x0800565e   0x0000006c   Code   RO         3814    i.UART_EndRxTransfer  stm32f4xx_hal_uart.o
    0x080056ca   0x080056ca   0x00000020   Code   RO         3815    i.UART_EndTransmit_IT  stm32f4xx_hal_uart.o
    0x080056ea   0x080056ea   0x000000fc   Code   RO         3817    i.UART_Receive_IT   stm32f4xx_hal_uart.o
    0x080057e6   0x080057e6   0x00000002   PAD
    0x080057e8   0x080057e8   0x0000022c   Code   RO         3818    i.UART_SetConfig    stm32f4xx_hal_uart.o
    0x08005a14   0x08005a14   0x00000060   Code   RO         3821    i.UART_Transmit_IT  stm32f4xx_hal_uart.o
    0x08005a74   0x08005a74   0x0000008c   Code   RO         3822    i.UART_WaitOnFlagUntilTimeout  stm32f4xx_hal_uart.o
    0x08005b00   0x08005b00   0x00000010   Code   RO          596    i.USART2_IRQHandler  stm32f4xx_it.o
    0x08005b10   0x08005b10   0x00000004   Code   RO          597    i.UsageFault_Handler  stm32f4xx_it.o
    0x08005b14   0x08005b14   0x00000010   Code   RO         4868    i.__0printf$bare    mc_w.l(printfb.o)
    0x08005b24   0x08005b24   0x00000030   Code   RO         5273    i.__ARM_fpclassify  m_wm.l(fpclassify.o)
    0x08005b54   0x08005b54   0x00000026   Code   RO         5188    i.__ARM_fpclassifyf  m_wm.l(fpclassifyf.o)
    0x08005b7a   0x08005b7a   0x00000002   PAD
    0x08005b7c   0x08005b7c   0x00000010   Code   RO         1820    i.__NVIC_GetPriorityGrouping  stm32f4xx_hal_cortex.o
    0x08005b8c   0x08005b8c   0x00000028   Code   RO         1821    i.__NVIC_SetPriority  stm32f4xx_hal_cortex.o
    0x08005bb4   0x08005bb4   0x00000004   PAD
    0x08005bb8   0x08005bb8   0x000000c8   Code   RO         4824    i.__hardfp_cos      m_wm.l(cos.o)
    0x08005c80   0x08005c80   0x00000190   Code   RO         4836    i.__hardfp_sinf     m_wm.l(sinf.o)
    0x08005e10   0x08005e10   0x0000003a   Code   RO         4848    i.__hardfp_sqrtf    m_wm.l(sqrtf.o)
    0x08005e4a   0x08005e4a   0x00000006   PAD
    0x08005e50   0x08005e50   0x00000438   Code   RO         5204    i.__ieee754_rem_pio2  m_wm.l(rred.o)
    0x08006288   0x08006288   0x00000170   Code   RO         5171    i.__kernel_cos      m_wm.l(cos_i.o)
    0x080063f8   0x080063f8   0x000000f8   Code   RO         5275    i.__kernel_poly     m_wm.l(poly.o)
    0x080064f0   0x080064f0   0x00000130   Code   RO         5212    i.__kernel_sin      m_wm.l(sin_i.o)
    0x08006620   0x08006620   0x00000014   Code   RO         5175    i.__mathlib_dbl_infnan  m_wm.l(dunder.o)
    0x08006634   0x08006634   0x00000004   PAD
    0x08006638   0x08006638   0x00000020   Code   RO         5177    i.__mathlib_dbl_invalid  m_wm.l(dunder.o)
    0x08006658   0x08006658   0x00000020   Code   RO         5180    i.__mathlib_dbl_underflow  m_wm.l(dunder.o)
    0x08006678   0x08006678   0x00000006   Code   RO         5191    i.__mathlib_flt_infnan  m_wm.l(funder.o)
    0x0800667e   0x0800667e   0x00000002   PAD
    0x08006680   0x08006680   0x00000010   Code   RO         5193    i.__mathlib_flt_invalid  m_wm.l(funder.o)
    0x08006690   0x08006690   0x00000010   Code   RO         5196    i.__mathlib_flt_underflow  m_wm.l(funder.o)
    0x080066a0   0x080066a0   0x00000154   Code   RO         5209    i.__mathlib_rredf2  m_wm.l(rredf.o)
    0x080067f4   0x080067f4   0x0000000e   Code   RO         5281    i.__scatterload_copy  mc_w.l(handlers.o)
    0x08006802   0x08006802   0x00000002   Code   RO         5282    i.__scatterload_null  mc_w.l(handlers.o)
    0x08006804   0x08006804   0x0000000e   Code   RO         5283    i.__scatterload_zeroinit  mc_w.l(handlers.o)
    0x08006812   0x08006812   0x00000002   PAD
    0x08006814   0x08006814   0x0000000c   Code   RO         5251    i.__set_errno       mc_w.l(errno.o)
    0x08006820   0x08006820   0x00000022   Code   RO         4875    i._printf_core      mc_w.l(printfb.o)
    0x08006842   0x08006842   0x00000002   PAD
    0x08006844   0x08006844   0x0000000c   Code   RO         4539    i.delay_init        delay.o
    0x08006850   0x08006850   0x00000012   Code   RO         4540    i.delay_ms          delay.o
    0x08006862   0x08006862   0x00000002   PAD
    0x08006864   0x08006864   0x00000048   Code   RO         4541    i.delay_us          delay.o
    0x080068ac   0x080068ac   0x00000018   Code   RO         5269    i.fabs              m_wm.l(fabs.o)
    0x080068c4   0x080068c4   0x0000001c   Code   RO          530    i.fputc             usart.o
    0x080068e0   0x080068e0   0x00000050   Code   RO         5127    i.free              mc_w.l(malloc.o)
    0x08006930   0x08006930   0x000001e8   Code   RO         4449    i.getNewWaveLUT     dds.o
    0x08006b18   0x08006b18   0x000001fc   Code   RO           15    i.identifyWaveType  main.o
    0x08006d14   0x08006d14   0x000005fc   Code   RO           16    i.main              main.o
    0x08007310   0x08007310   0x0000006c   Code   RO         5128    i.malloc            mc_w.l(malloc.o)
    0x0800737c   0x0800737c   0x00000044   Code   RO         4450    i.setOffset         dds.o
    0x080073c0   0x080073c0   0x00000008   Data   RO         1654    .constdata          stm32f4xx_hal_dma.o
    0x080073c8   0x080073c8   0x00000018   Data   RO         4136    .constdata          system_stm32f4xx.o
    0x080073e0   0x080073e0   0x00000c6a   Data   RO         4300    .constdata          lcdapi.o
    0x0800804a   0x0800804a   0x00000006   PAD
    0x08008050   0x08008050   0x00000030   Data   RO         5172    .constdata          m_wm.l(cos_i.o)
    0x08008080   0x08008080   0x000000c8   Data   RO         5206    .constdata          m_wm.l(rred.o)
    0x08008148   0x08008148   0x00000020   Data   RO         5210    .constdata          m_wm.l(rredf.o)
    0x08008168   0x08008168   0x00000028   Data   RO         5213    .constdata          m_wm.l(sin_i.o)
    0x08008190   0x08008190   0x00001f80   Data   RO         4759    .rodata.armBitRevIndexTable4096  arm_cortexM4lf_math.lib(arm_common_tables.o)
    0x0800a110   0x0800a110   0x00000010   Data   RO         4624    .rodata.arm_cfft_sR_f32_len4096  arm_cortexM4lf_math.lib(arm_const_structs.o)
    0x0800a120   0x0800a120   0x00008000   Data   RO         4723    .rodata.twiddleCoef_4096  arm_cortexM4lf_math.lib(arm_common_tables.o)
    0x08012120   0x08012120   0x00000020   Data   RO         5279    Region$$Table       anon$$obj.o


    Execution Region RW_IRAM1 (Exec base: 0x20000000, Load base: 0x08012140, Size: 0x00016b68, Max: 0x0001c000, ABSOLUTE)

    Exec Addr    Load Addr    Size         Type   Attr      Idx    E Section Name        Object

    0x20000000   0x08012140   0x00000003   Data   RW           18    .data               main.o
    0x20000003   0x08012143   0x00000001   PAD
    0x20000004   0x08012144   0x00000004   Data   RW          599    .data               stm32f4xx_it.o
    0x20000008   0x08012148   0x00000009   Data   RW         1984    .data               stm32f4xx_hal.o
    0x20000011   0x08012151   0x00000003   PAD
    0x20000014   0x08012154   0x00000004   Data   RW         4137    .data               system_stm32f4xx.o
    0x20000018   0x08012158   0x00000014   Data   RW         4503    .data               fft.o
    0x2000002c   0x0801216c   0x00000004   Data   RW         4542    .data               delay.o
    0x20000030   0x08012170   0x00000004   Data   RW         5234    .data               mc_w.l(stdout.o)
    0x20000034   0x08012174   0x00000004   Data   RW         5247    .data               mc_w.l(mvars.o)
    0x20000038   0x08012178   0x00000004   Data   RW         5248    .data               mc_w.l(mvars.o)
    0x2000003c   0x0801217c   0x00000004   Data   RW         5252    .data               mc_w.l(errno.o)
    0x20000040        -       0x000000a8   Zero   RW          331    .bss                adc.o
    0x200000e8        -       0x00000074   Zero   RW          373    .bss                dac.o
    0x2000015c        -       0x00000058   Zero   RW          439    .bss                spi.o
    0x200001b4        -       0x00000090   Zero   RW          482    .bss                tim.o
    0x20000244        -       0x00000048   Zero   RW          531    .bss                usart.o
    0x2000028c        -       0x00000214   Zero   RW         4451    .bss                dds.o
    0x200004a0        -       0x000160c8   Zero   RW         4502    .bss                fft.o
    0x20016568        -       0x00000200   Zero   RW            2    HEAP                startup_stm32f407xx.o
    0x20016768        -       0x00000400   Zero   RW            1    STACK               startup_stm32f407xx.o


    Execution Region RW_IRAM2 (Exec base: 0x2001c000, Load base: 0x08012180, Size: 0x00000000, Max: 0x00004000, ABSOLUTE)

    **** No section assigned to this execution region ****


==============================================================================

Image component sizes


      Code (inc. data)   RO Data    RW Data    ZI Data      Debug   Object Name

       324         30          0          0        168       1811   adc.o
       264         30          0          0        116       1765   dac.o
       912         74          0          0        532       4594   dds.o
       114         10          0          4          0       2451   delay.o
       104          6          0          0          0        810   dma.o
      1028        160          0         20      90312       2458   fft.o
       380         18          0          0          0       1115   gpio.o
      1196         60          0          0          0       7507   ili9341.o
       714         40       3178          0          0       6174   lcdapi.o
      2226        322          0          3          0     728338   main.o
       204         22          0          0         88       1669   spi.o
        36          8        392          0       1536        836   startup_stm32f407xx.o
       172         32          0          9          0       8753   stm32f4xx_hal.o
      1942         66          0          0          0       9161   stm32f4xx_hal_adc.o
         2          0          0          0          0       1009   stm32f4xx_hal_adc_ex.o
       312         22          0          0          0      34339   stm32f4xx_hal_cortex.o
       632         26          0          0          0       7501   stm32f4xx_hal_dac.o
        64          0          0          0          0       4081   stm32f4xx_hal_dac_ex.o
      1436         16          8          0          0       7026   stm32f4xx_hal_dma.o
       540         50          0          0          0       2743   stm32f4xx_hal_gpio.o
        72          4          0          0          0        858   stm32f4xx_hal_msp.o
      1820         84          0          0          0       5612   stm32f4xx_hal_rcc.o
       998         14          0          0          0       4338   stm32f4xx_hal_spi.o
      1300         76          0          0          0      11024   stm32f4xx_hal_tim.o
       184         30          0          0          0       2525   stm32f4xx_hal_tim_ex.o
      2264         14          0          0          0      11576   stm32f4xx_hal_uart.o
       726        116          0          4          0       9875   stm32f4xx_it.o
        20          6         24          4          0       1127   system_stm32f4xx.o
       344         30          0          0        144       2399   tim.o
       236         30          0          0         72       2242   usart.o

    ----------------------------------------------------------------------
     20606       1400       3640         48      92968     885717   Object Totals
         0          0         32          0          0          0   (incl. Generated)
        40          4          6          4          0          0   (incl. Padding)

    ----------------------------------------------------------------------

      Code (inc. data)   RO Data    RW Data    ZI Data      Debug   Library Member Name

        68          0          0          0          0       1792   arm_bitreversal2.o
      1652          0          0          0          0       7236   arm_cfft_f32.o
      1458          4          0          0          0       5452   arm_cfft_radix8_f32.o
       340          0          0          0          0       2270   arm_cmplx_mag_f32.o
         0          0      40832          0          0       6294   arm_common_tables.o
         0          0         16          0          0       4820   arm_const_structs.o
       200         20          0          0          0        164   cos.o
       368         46         48          0          0        200   cos_i.o
        84         16          0          0          0        372   dunder.o
        24          0          0          0          0        124   fabs.o
        48          0          0          0          0        124   fpclassify.o
        38          0          0          0          0        116   fpclassifyf.o
        38         12          0          0          0        348   funder.o
       248          0          0          0          0        152   poly.o
      1080        142        200          0          0        188   rred.o
       340         24         32          0          0        160   rredf.o
       304         24         40          0          0        208   sin_i.o
       400         56          0          0          0        212   sinf.o
        58          0          0          0          0        136   sqrtf.o
         0          0          0          0          0          0   entry.o
         0          0          0          0          0          0   entry10a.o
         0          0          0          0          0          0   entry11a.o
         4          0          0          0          0          0   entry12b.o
         8          4          0          0          0          0   entry2.o
         4          0          0          0          0          0   entry5.o
         0          0          0          0          0          0   entry7b.o
         0          0          0          0          0          0   entry8b.o
         8          4          0          0          0          0   entry9a.o
        12          6          0          4          0         68   errno.o
        30          0          0          0          0          0   handlers.o
        36          8          0          0          0         68   init.o
         0          0          0          0          0          0   iusefp.o
        30          0          0          0          0         68   llshl.o
        36          0          0          0          0         68   llsshr.o
        32          0          0          0          0         68   llushr.o
       188         20          0          0          0        160   malloc.o
        36          0          0          0          0        108   memseta.o
         0          0          0          8          0          0   mvars.o
        50          8          0          0          0        152   printfb.o
         0          0          0          4          0          0   stdout.o
        98          0          0          0          0         92   uldiv.o
        56          0          0          0          0         88   d2f.o
       334          0          0          0          0        148   dadd.o
       222          0          0          0          0        100   ddiv.o
       186          0          0          0          0        176   depilogue.o
        62          0          0          0          0         80   dfixi.o
        34          0          0          0          0         76   dflti.o
        26          0          0          0          0         76   dfltui.o
       228          0          0          0          0         96   dmul.o
        38          0          0          0          0         68   f2d.o
       110          0          0          0          0        168   fepilogue.o

    ----------------------------------------------------------------------
      8634        394      41168         16          0      32296   Library Totals
        18          0          0          0          0          0   (incl. Padding)

    ----------------------------------------------------------------------

      Code (inc. data)   RO Data    RW Data    ZI Data      Debug   Library Name

      3518          4      40848          0          0      27864   arm_cortexM4lf_math.lib
      3230        340        320          0          0       2504   m_wm.l
       572         50          0         16          0        852   mc_w.l
      1296          0          0          0          0       1076   mf_w.l

    ----------------------------------------------------------------------
      8634        394      41168         16          0      32296   Library Totals

    ----------------------------------------------------------------------

==============================================================================


      Code (inc. data)   RO Data    RW Data    ZI Data      Debug   

     29240       1794      44808         64      92968     900733   Grand Totals
     29240       1794      44808         64      92968     900733   ELF Image Totals
     29240       1794      44808         64          0          0   ROM Totals

==============================================================================

    Total RO  Size (Code + RO Data)                74048 (  72.31kB)
    Total RW  Size (RW Data + ZI Data)             93032 (  90.85kB)
    Total ROM Size (Code + RO Data + RW Data)      74112 (  72.38kB)

==============================================================================

